Archive member included to satisfy reference by file (symbol)

../libopencm3/lib/libopencm3_stm32l0.a(crs_common_all.o)
                              ./stm32l052/dap52/target.o (crs_autotrim_usb_enable)
../libopencm3/lib/libopencm3_stm32l0.a(desig_common_all.o)
                              DAP52.o (desig_get_unique_id_as_string)
../libopencm3/lib/libopencm3_stm32l0.a(desig_common_v1.o)
                              ../libopencm3/lib/libopencm3_stm32l0.a(desig_common_all.o) (desig_get_unique_id)
../libopencm3/lib/libopencm3_stm32l0.a(gpio_common_all.o)
                              ./stm32l052/DFU/DFU.o (gpio_set)
../libopencm3/lib/libopencm3_stm32l0.a(gpio_common_f0234.o)
                              ./stm32l052/DFU/DFU.o (gpio_mode_setup)
../libopencm3/lib/libopencm3_stm32l0.a(iwdg_common_all.o)
                              DAP52.o (iwdg_start)
../libopencm3/lib/libopencm3_stm32l0.a(pwr_common_v1.o)
                              ./stm32l052/DFU/backup.o (pwr_disable_backup_domain_write_protect)
../libopencm3/lib/libopencm3_stm32l0.a(rcc.o)
                              ./stm32l052/dap52/target.o (rcc_osc_on)
../libopencm3/lib/libopencm3_stm32l0.a(rcc_common_all.o)
                              ./stm32l052/DFU/DFU.o (rcc_periph_clock_enable)
../libopencm3/lib/libopencm3_stm32l0.a(usart_common_all.o)
                              console.o (usart_set_databits)
../libopencm3/lib/libopencm3_stm32l0.a(usart_common_v2.o)
                              console.o (usart_send)
../libopencm3/lib/libopencm3_stm32l0.a(usb.o)
                              USB/composite_usb_conf.o (usbd_init)
../libopencm3/lib/libopencm3_stm32l0.a(usb_control.o)
                              USB/composite_usb_conf.o (usbd_register_control_callback)
../libopencm3/lib/libopencm3_stm32l0.a(usb_standard.o)
                              USB/composite_usb_conf.o (usbd_register_set_config_callback)
../libopencm3/lib/libopencm3_stm32l0.a(st_usbfs_v2.o)
                              ./stm32l052/USB/usb_setup.o (st_usbfs_v2_usb_driver)
../libopencm3/lib/libopencm3_stm32l0.a(vector.o)
                              (reset_handler)
../libopencm3/lib/libopencm3_stm32l0.a(systick.o)
                              tick.o (systick_set_frequency)
../libopencm3/lib/libopencm3_stm32l0.a(scb.o)
                              ./stm32l052/DFU/DFU.o (scb_reset_system)
../libopencm3/lib/libopencm3_stm32l0.a(nvic.o)
                              console.o (nvic_enable_irq)
../libopencm3/lib/libopencm3_stm32l0.a(assert.o)
                              ../libopencm3/lib/libopencm3_stm32l0.a(rcc.o) (cm3_assert_failed)
../libopencm3/lib/libopencm3_stm32l0.a(flash_common_all.o)
                              ../libopencm3/lib/libopencm3_stm32l0.a(rcc.o) (flash_prefetch_enable)
../libopencm3/lib/libopencm3_stm32l0.a(pwr_common_v2.o)
                              ../libopencm3/lib/libopencm3_stm32l0.a(rcc.o) (pwr_set_vos_scale)
../libopencm3/lib/libopencm3_stm32l0.a(st_usbfs_core.o)
                              ../libopencm3/lib/libopencm3_stm32l0.a(st_usbfs_v2.o) (st_usbfs_set_address)
/usr/lib/gcc/arm-none-eabi/9.2.1/../../../arm-none-eabi/lib/thumb/v6-m/nofp/libc.a(lib_a-errno.o)
                              retarget.o (__errno)
/usr/lib/gcc/arm-none-eabi/9.2.1/../../../arm-none-eabi/lib/thumb/v6-m/nofp/libc.a(lib_a-impure.o)
                              /usr/lib/gcc/arm-none-eabi/9.2.1/../../../arm-none-eabi/lib/thumb/v6-m/nofp/libc.a(lib_a-errno.o) (_impure_ptr)
/usr/lib/gcc/arm-none-eabi/9.2.1/../../../arm-none-eabi/lib/thumb/v6-m/nofp/libc.a(lib_a-memcpy-stub.o)
                              DAP/CMSIS_DAP.o (memcpy)
/usr/lib/gcc/arm-none-eabi/9.2.1/../../../arm-none-eabi/lib/thumb/v6-m/nofp/libc.a(lib_a-memset.o)
                              DAP/app.o (memset)
/usr/lib/gcc/arm-none-eabi/9.2.1/../../../arm-none-eabi/lib/thumb/v6-m/nofp/libc.a(lib_a-putchar.o)
                              retarget.o (putchar)
/usr/lib/gcc/arm-none-eabi/9.2.1/../../../arm-none-eabi/lib/thumb/v6-m/nofp/libc.a(lib_a-strlen-stub.o)
                              ../libopencm3/lib/libopencm3_stm32l0.a(usb_standard.o) (strlen)
/usr/lib/gcc/arm-none-eabi/9.2.1/../../../arm-none-eabi/lib/thumb/v6-m/nofp/libc.a(lib_a-strncpy.o)
                              USB/composite_usb_conf.o (strncpy)
/usr/lib/gcc/arm-none-eabi/9.2.1/../../../arm-none-eabi/lib/thumb/v6-m/nofp/libc.a(lib_a-putc.o)
                              /usr/lib/gcc/arm-none-eabi/9.2.1/../../../arm-none-eabi/lib/thumb/v6-m/nofp/libc.a(lib_a-putchar.o) (_putc_r)
/usr/lib/gcc/arm-none-eabi/9.2.1/../../../arm-none-eabi/lib/thumb/v6-m/nofp/libc.a(lib_a-wbuf.o)
                              /usr/lib/gcc/arm-none-eabi/9.2.1/../../../arm-none-eabi/lib/thumb/v6-m/nofp/libc.a(lib_a-putc.o) (__swbuf_r)
/usr/lib/gcc/arm-none-eabi/9.2.1/../../../arm-none-eabi/lib/thumb/v6-m/nofp/libc.a(lib_a-wsetup.o)
[...]
Memory Configuration

Name             Origin             Length             Attributes
rom              0x0000000008000000 0x0000000000010000 xr
ram              0x0000000020000000 0x0000000000002000 xrw
eep              0x0000000008080000 0x0000000000000800 r
*default*        0x0000000000000000 0xffffffffffffffff

Linker script and memory map

LOAD ./stm32l052/DFU/DFU.o
LOAD ./stm32l052/DFU/backup.o
LOAD ./stm32l052/USB/usb_setup.o
LOAD ./stm32l052/dap52/target.o
LOAD DAP/CMSIS_DAP.o
LOAD DAP/JTAG_DP.o
LOAD DAP/SW_DP.o
LOAD DAP/app.o
LOAD DAP52.o
LOAD USB/cdc.o
LOAD USB/composite_usb_conf.o
LOAD USB/dfu.o
LOAD USB/hid.o
LOAD USB/vcdc.o
LOAD console.o
LOAD retarget.o
LOAD tick.o
LOAD ../libopencm3/lib/libopencm3_stm32l0.a
START GROUP
LOAD /usr/lib/gcc/arm-none-eabi/9.2.1/../../../arm-none-eabi/lib/thumb/v6-m/nofp/libc.a
LOAD /usr/lib/gcc/arm-none-eabi/9.2.1/thumb/v6-m/nofp/libgcc.a
LOAD /usr/lib/gcc/arm-none-eabi/9.2.1/../../../arm-none-eabi/lib/thumb/v6-m/nofp/libnosys.a
END GROUP
START GROUP
LOAD /usr/lib/gcc/arm-none-eabi/9.2.1/thumb/v6-m/nofp/libgcc.a
LOAD /usr/lib/gcc/arm-none-eabi/9.2.1/../../../arm-none-eabi/lib/thumb/v6-m/nofp/libc.a
END GROUP

.text           0x0000000008000000     0x3698
 *(.vectors)
 .vectors       0x0000000008000000       0xc0 ../libopencm3/lib/libopencm3_stm32l0.a(vector.o)
                0x0000000008000000                vector_table
 *(.text*)
 .text.target_usb_init
                0x00000000080000c0        0x8 ./stm32l052/USB/usb_setup.o
                0x00000000080000c0                target_usb_init
 .text.cpu_setup
                0x00000000080000c8        0x2 ./stm32l052/dap52/target.o
                0x00000000080000c8                cpu_setup
 *fill*         0x00000000080000ca        0x2 
 .text.clock_setup
                0x00000000080000cc       0x6c ./stm32l052/dap52/target.o
                0x00000000080000cc                clock_setup
 .text.target_console_init
                0x0000000008000138       0x28 ./stm32l052/dap52/target.o
                0x0000000008000138                target_console_init
 .text.led_num  0x0000000008000160       0x40 ./stm32l052/dap52/target.o
                0x0000000008000160                led_num
 .text.gpio_setup
                0x00000000080001a0       0xb0 ./stm32l052/dap52/target.o
                0x00000000080001a0                gpio_setup
 .text.DAP_ProcessCommand
                0x0000000008000250      0x804 DAP/CMSIS_DAP.o
                0x0000000008000250                DAP_ProcessCommand
 .text.DAP_Setup
                0x0000000008000a54       0x5c DAP/CMSIS_DAP.o
                0x0000000008000a54                DAP_Setup
 .text.PIN_SWDIO_OUT
                0x0000000008000ab0       0x18 DAP/SW_DP.o
 .text.PIN_SWDIO_OUT_ENABLE
                0x0000000008000ac8       0x1c DAP/SW_DP.o
 .text.SWD_TransferFast
                0x0000000008000ae4      0x214 DAP/SW_DP.o
 .text.SWJ_Sequence
                0x0000000008000cf8       0x48 DAP/SW_DP.o
                0x0000000008000cf8                SWJ_Sequence
 .text.SWD_Transfer
                0x0000000008000d40       0x1c DAP/SW_DP.o
                0x0000000008000d40                SWD_Transfer
 .text.DAP_app_reset
                0x0000000008000d5c       0x24 DAP/app.o
 .text.on_receive_report
                0x0000000008000d80       0x48 DAP/app.o
 .text.on_send_report
                0x0000000008000dc8       0x48 DAP/app.o
 .text.DAP_ProcessVendorCommand
                0x0000000008000e10       0x48 DAP/app.o
                0x0000000008000e10                DAP_ProcessVendorCommand
 .text.DAP_app_update
                0x0000000008000e58       0x84 DAP/app.o
                0x0000000008000e58                DAP_app_update
 .text.DAP_app_setup
                0x0000000008000edc       0x30 DAP/app.o
                0x0000000008000edc                DAP_app_setup
 .text.on_usb_activity
                0x0000000008000f0c       0x10 DAP52.o
 .text.on_dfu_request
                0x0000000008000f1c        0x2 DAP52.o
 *fill*         0x0000000008000f1e        0x2 
 .text.startup.main
                0x0000000008000f20       0xc8 DAP52.o
                0x0000000008000f20                main
 .text.cdc_control_class_request
                0x0000000008000fe8       0x80 USB/cdc.o
 .text.cdc_uart_get_line_coding
                0x0000000008001068       0x14 USB/cdc.o
 .text.cdc_set_config
                0x000000000800107c       0x5c USB/cdc.o
 .text.cdc_uart_on_host_tx
                0x00000000080010d8       0x24 USB/cdc.o
 .text.cdc_clear_nak
                0x00000000080010fc       0x24 USB/cdc.o
 .text.cdc_bulk_data_out
                0x0000000008001120       0x58 USB/cdc.o
 .text.cdc_uart_app_reset
                0x0000000008001178       0x18 USB/cdc.o
                0x0000000008001178                cdc_uart_app_reset
 .text.cdc_uart_set_line_coding
                0x0000000008001190       0x78 USB/cdc.o
 .text.cdc_setup
                0x0000000008001208       0x38 USB/cdc.o
                0x0000000008001208                cdc_setup
 .text.cdc_send_data
                0x0000000008001240       0x28 USB/cdc.o
                0x0000000008001240                cdc_send_data
 .text.cdc_start_in_transfer
                0x0000000008001268       0x70 USB/cdc.o
 .text.cdc_bulk_data_in
                0x00000000080012d8       0x58 USB/cdc.o
 .text.cdc_uart_app_setup
                0x0000000008001330       0x38 USB/cdc.o
                0x0000000008001330                cdc_uart_app_setup
 .text.cdc_uart_app_set_timeout
                0x0000000008001368        0x2 USB/cdc.o
                0x0000000008001368                cdc_uart_app_set_timeout
 .text.cdc_uart_app_update
                0x000000000800136a       0x12 USB/cdc.o
                0x000000000800136a                cdc_uart_app_update
 .text.cmp_usb_handle_sof
                0x000000000800137c       0x24 USB/composite_usb_conf.o
 .text.cmp_usb_handle_reset
                0x00000000080013a0       0x34 USB/composite_usb_conf.o
 .text.cmp_usb_dispatch_control_class_request
                0x00000000080013d4       0x58 USB/composite_usb_conf.o
 .text.cmp_usb_set_config
                0x000000000800142c       0x6c USB/composite_usb_conf.o
 .text.cmp_set_usb_serial_number
                0x0000000008001498       0x20 USB/composite_usb_conf.o
                0x0000000008001498                cmp_set_usb_serial_number
 .text.cmp_usb_register_reset_callback
                0x00000000080014b8       0x1c USB/composite_usb_conf.o
                0x00000000080014b8                cmp_usb_register_reset_callback
 .text.cmp_usb_register_sof_callback
                0x00000000080014d4       0x1c USB/composite_usb_conf.o
                0x00000000080014d4                cmp_usb_register_sof_callback
 .text.cmp_usb_configured
                0x00000000080014f0        0xc USB/composite_usb_conf.o
                0x00000000080014f0                cmp_usb_configured
 .text.cmp_usb_register_control_class_callback
                0x00000000080014fc       0x24 USB/composite_usb_conf.o
                0x00000000080014fc                cmp_usb_register_control_class_callback
 .text.cmp_usb_register_set_config_callback
                0x0000000008001520       0x20 USB/composite_usb_conf.o
                0x0000000008001520                cmp_usb_register_set_config_callback
 .text.cmp_usb_setup
                0x0000000008001540       0x58 USB/composite_usb_conf.o
                0x0000000008001540                cmp_usb_setup
 .text.hid_control_standard_request
                0x0000000008001598       0x3c USB/hid.o
 .text.hid_set_config
                0x00000000080015d4       0x48 USB/hid.o
 .text.hid_interrupt_in
                0x000000000800161c       0x38 USB/hid.o
 .text.hid_interrupt_out
                0x0000000008001654       0x24 USB/hid.o
 .text.hid_control_class_request
                0x0000000008001678       0x58 USB/hid.o
 .text.hid_setup
                0x00000000080016d0       0x28 USB/hid.o
                0x00000000080016d0                hid_setup
 .text.hid_send_report
                0x00000000080016f8       0x1c USB/hid.o
                0x00000000080016f8                hid_send_report
 .text.console_setup
                0x0000000008001714       0x58 console.o
                0x0000000008001714                console_setup
 .text.console_tx_buffer_clear
                0x000000000800176c       0x14 console.o
                0x000000000800176c                console_tx_buffer_clear
 .text.console_send_buffer_space
                0x0000000008001780       0x1c console.o
                0x0000000008001780                console_send_buffer_space
 .text.console_rx_buffer_clear
                0x000000000800179c       0x14 console.o
                0x000000000800179c                console_rx_buffer_clear
 .text.console_reconfigure
                0x00000000080017b0       0x9c console.o
                0x00000000080017b0                console_reconfigure
 .text.console_send_buffered
                0x000000000800184c       0x54 console.o
                0x000000000800184c                console_send_buffered
 .text.console_recv_buffered
                0x00000000080018a0       0x30 console.o
                0x00000000080018a0                console_recv_buffered
 .text.usart2_isr
                0x00000000080018d0       0x90 console.o
                0x00000000080018d0                usart2_isr
 .text.retarget
                0x0000000008001960       0x18 retarget.o
                0x0000000008001960                retarget
 .text.sys_tick_handler
                0x0000000008001978       0x10 tick.o
                0x0000000008001978                sys_tick_handler
 .text.tick_setup
                0x0000000008001988       0x1c tick.o
                0x0000000008001988                tick_setup
 .text.tick_start
                0x00000000080019a4        0x8 tick.o
                0x00000000080019a4                tick_start
 .text.get_ticks
                0x00000000080019ac        0xc tick.o
                0x00000000080019ac                get_ticks
 .text.crs_autotrim_usb_enable
                0x00000000080019b8       0x40 ../libopencm3/lib/libopencm3_stm32l0.a(crs_common_all.o)
                0x00000000080019b8                crs_autotrim_usb_enable
 .text.desig_get_unique_id_as_string
                0x00000000080019f8       0x5c ../libopencm3/lib/libopencm3_stm32l0.a(desig_common_all.o)
                0x00000000080019f8                desig_get_unique_id_as_string
 .text.desig_get_unique_id
                0x0000000008001a54       0x20 ../libopencm3/lib/libopencm3_stm32l0.a(desig_common_v1.o)
                0x0000000008001a54                desig_get_unique_id
 .text.gpio_set
                0x0000000008001a74        0x4 ../libopencm3/lib/libopencm3_stm32l0.a(gpio_common_all.o)
                0x0000000008001a74                gpio_set
 .text.gpio_clear
                0x0000000008001a78        0x6 ../libopencm3/lib/libopencm3_stm32l0.a(gpio_common_all.o)
                0x0000000008001a78                gpio_clear
 .text.gpio_get
                0x0000000008001a7e        0x6 ../libopencm3/lib/libopencm3_stm32l0.a(gpio_common_all.o)
                0x0000000008001a7e                gpio_get
 .text.gpio_mode_setup
                0x0000000008001a84       0x40 ../libopencm3/lib/libopencm3_stm32l0.a(gpio_common_f0234.o)
                0x0000000008001a84                gpio_mode_setup
 .text.gpio_set_output_options
                0x0000000008001ac4       0x3c ../libopencm3/lib/libopencm3_stm32l0.a(gpio_common_f0234.o)
                0x0000000008001ac4                gpio_set_output_options
 .text.gpio_set_af
                0x0000000008001b00       0x54 ../libopencm3/lib/libopencm3_stm32l0.a(gpio_common_f0234.o)
                0x0000000008001b00                gpio_set_af
 .text.iwdg_start
                0x0000000008001b54       0x10 ../libopencm3/lib/libopencm3_stm32l0.a(iwdg_common_all.o)
                0x0000000008001b54                iwdg_start
 .text.iwdg_reload_busy
                0x0000000008001b64       0x10 ../libopencm3/lib/libopencm3_stm32l0.a(iwdg_common_all.o)
                0x0000000008001b64                iwdg_reload_busy
 .text.iwdg_set_period_ms
                0x0000000008001b74       0x64 ../libopencm3/lib/libopencm3_stm32l0.a(iwdg_common_all.o)
                0x0000000008001b74                iwdg_set_period_ms
 .text.iwdg_reset
                0x0000000008001bd8       0x10 ../libopencm3/lib/libopencm3_stm32l0.a(iwdg_common_all.o)
                0x0000000008001bd8                iwdg_reset
 .text.pwr_set_standby_mode
                0x0000000008001be8       0x10 ../libopencm3/lib/libopencm3_stm32l0.a(pwr_common_v1.o)
                0x0000000008001be8                pwr_set_standby_mode
 .text.rcc_osc_on
                0x0000000008001bf8       0x54 ../libopencm3/lib/libopencm3_stm32l0.a(rcc.o)
                0x0000000008001bf8                rcc_osc_on
 .text.rcc_set_hsi48_source_rc48
                0x0000000008001c4c       0x14 ../libopencm3/lib/libopencm3_stm32l0.a(rcc.o)
                0x0000000008001c4c                rcc_set_hsi48_source_rc48
 .text.rcc_set_sysclk_source
                0x0000000008001c60       0x4c ../libopencm3/lib/libopencm3_stm32l0.a(rcc.o)
                0x0000000008001c60                rcc_set_sysclk_source
 .text.rcc_set_usart2_sel
                0x0000000008001cac       0x18 ../libopencm3/lib/libopencm3_stm32l0.a(rcc.o)
                0x0000000008001cac                rcc_set_usart2_sel
 .text.rcc_periph_clock_enable
                0x0000000008001cc4       0x1c ../libopencm3/lib/libopencm3_stm32l0.a(rcc_common_all.o)
                0x0000000008001cc4                rcc_periph_clock_enable
 .text.rcc_periph_reset_pulse
                0x0000000008001ce0       0x20 ../libopencm3/lib/libopencm3_stm32l0.a(rcc_common_all.o)
                0x0000000008001ce0                rcc_periph_reset_pulse
 .text.usart_set_databits
                0x0000000008001d00       0x1c ../libopencm3/lib/libopencm3_stm32l0.a(usart_common_all.o)
                0x0000000008001d00                usart_set_databits
 .text.usart_set_stopbits
                0x0000000008001d1c       0x10 ../libopencm3/lib/libopencm3_stm32l0.a(usart_common_all.o)
                0x0000000008001d1c                usart_set_stopbits
 .text.usart_set_parity
                0x0000000008001d2c       0x10 ../libopencm3/lib/libopencm3_stm32l0.a(usart_common_all.o)
                0x0000000008001d2c                usart_set_parity
 .text.usart_set_mode
                0x0000000008001d3c        0xc ../libopencm3/lib/libopencm3_stm32l0.a(usart_common_all.o)
                0x0000000008001d3c                usart_set_mode
 .text.usart_set_flow_control
                0x0000000008001d48       0x10 ../libopencm3/lib/libopencm3_stm32l0.a(usart_common_all.o)
                0x0000000008001d48                usart_set_flow_control
 .text.usart_enable
                0x0000000008001d58        0xa ../libopencm3/lib/libopencm3_stm32l0.a(usart_common_all.o)
                0x0000000008001d58                usart_enable
 .text.usart_disable
                0x0000000008001d62        0xa ../libopencm3/lib/libopencm3_stm32l0.a(usart_common_all.o)
                0x0000000008001d62                usart_disable
 .text.usart_disable_rx_dma
                0x0000000008001d6c        0xa ../libopencm3/lib/libopencm3_stm32l0.a(usart_common_all.o)
                0x0000000008001d6c                usart_disable_rx_dma
 .text.usart_enable_rx_interrupt
                0x0000000008001d76        0xa ../libopencm3/lib/libopencm3_stm32l0.a(usart_common_all.o)
                0x0000000008001d76                usart_enable_rx_interrupt
 .text.usart_enable_tx_interrupt
                0x0000000008001d80        0xa ../libopencm3/lib/libopencm3_stm32l0.a(usart_common_all.o)
                0x0000000008001d80                usart_enable_tx_interrupt
 .text.usart_disable_tx_interrupt
                0x0000000008001d8a        0xa ../libopencm3/lib/libopencm3_stm32l0.a(usart_common_all.o)
                0x0000000008001d8a                usart_disable_tx_interrupt
 .text.usart_send
                0x0000000008001d94        0x8 ../libopencm3/lib/libopencm3_stm32l0.a(usart_common_v2.o)
                0x0000000008001d94                usart_send
 .text.usart_recv
                0x0000000008001d9c        0x8 ../libopencm3/lib/libopencm3_stm32l0.a(usart_common_v2.o)
                0x0000000008001d9c                usart_recv
 .text.usart_get_flag
                0x0000000008001da4        0xc ../libopencm3/lib/libopencm3_stm32l0.a(usart_common_v2.o)
                0x0000000008001da4                usart_get_flag
 .text.usbd_init
                0x0000000008001db0       0x5c ../libopencm3/lib/libopencm3_stm32l0.a(usb.o)
                0x0000000008001db0                usbd_init
 .text.usbd_register_reset_callback
                0x0000000008001e0c        0x4 ../libopencm3/lib/libopencm3_stm32l0.a(usb.o)
                0x0000000008001e0c                usbd_register_reset_callback
 .text.usbd_register_sof_callback
                0x0000000008001e10        0x4 ../libopencm3/lib/libopencm3_stm32l0.a(usb.o)
                0x0000000008001e10                usbd_register_sof_callback
 .text.usbd_poll
                0x0000000008001e14        0xe ../libopencm3/lib/libopencm3_stm32l0.a(usb.o)
                0x0000000008001e14                usbd_poll
 .text.usbd_ep_setup
                0x0000000008001e22       0x12 ../libopencm3/lib/libopencm3_stm32l0.a(usb.o)
                0x0000000008001e22                usbd_ep_setup
 .text._usbd_reset
                0x0000000008001e34       0x2e ../libopencm3/lib/libopencm3_stm32l0.a(usb.o)
                0x0000000008001e34                _usbd_reset
 .text.usbd_ep_write_packet
                0x0000000008001e62        0xe ../libopencm3/lib/libopencm3_stm32l0.a(usb.o)
                0x0000000008001e62                usbd_ep_write_packet
 .text.usbd_ep_read_packet
                0x0000000008001e70        0xe ../libopencm3/lib/libopencm3_stm32l0.a(usb.o)
                0x0000000008001e70                usbd_ep_read_packet
 .text.usbd_ep_stall_set
                0x0000000008001e7e        0xe ../libopencm3/lib/libopencm3_stm32l0.a(usb.o)
                0x0000000008001e7e                usbd_ep_stall_set
 .text.usbd_ep_stall_get
                0x0000000008001e8c        0xe ../libopencm3/lib/libopencm3_stm32l0.a(usb.o)
                0x0000000008001e8c                usbd_ep_stall_get
 .text.usbd_ep_nak_set
                0x0000000008001e9a        0xe ../libopencm3/lib/libopencm3_stm32l0.a(usb.o)
                0x0000000008001e9a                usbd_ep_nak_set
 .text.usb_control_send_chunk
                0x0000000008001ea8       0x50 ../libopencm3/lib/libopencm3_stm32l0.a(usb_control.o)
 .text.usb_control_request_dispatch
                0x0000000008001ef8       0x66 ../libopencm3/lib/libopencm3_stm32l0.a(usb_control.o)
 .text.stall_transaction
                0x0000000008001f5e       0x14 ../libopencm3/lib/libopencm3_stm32l0.a(usb_control.o)
 .text.usb_control_recv_chunk
                0x0000000008001f72       0x3e ../libopencm3/lib/libopencm3_stm32l0.a(usb_control.o)
 .text.usb_control_setup_read
                0x0000000008001fb0       0x68 ../libopencm3/lib/libopencm3_stm32l0.a(usb_control.o)
 .text.usbd_register_control_callback
                0x0000000008002018       0x30 ../libopencm3/lib/libopencm3_stm32l0.a(usb_control.o)
                0x0000000008002018                usbd_register_control_callback
 .text._usbd_control_setup
                0x0000000008002048       0x6a ../libopencm3/lib/libopencm3_stm32l0.a(usb_control.o)
                0x0000000008002048                _usbd_control_setup
 .text._usbd_control_out
                0x00000000080020b2       0x82 ../libopencm3/lib/libopencm3_stm32l0.a(usb_control.o)
                0x00000000080020b2                _usbd_control_out
 .text._usbd_control_in
                0x0000000008002134       0x60 ../libopencm3/lib/libopencm3_stm32l0.a(usb_control.o)
                0x0000000008002134                _usbd_control_in
 .text.usb_standard_set_address
                0x0000000008002194       0x36 ../libopencm3/lib/libopencm3_stm32l0.a(usb_standard.o)
 .text.usb_standard_set_configuration
                0x00000000080021ca       0xb8 ../libopencm3/lib/libopencm3_stm32l0.a(usb_standard.o)
 .text.usb_standard_get_configuration
                0x0000000008002282       0x2a ../libopencm3/lib/libopencm3_stm32l0.a(usb_standard.o)
 .text.usb_standard_get_interface
                0x00000000080022ac       0x50 ../libopencm3/lib/libopencm3_stm32l0.a(usb_standard.o)
 .text.usb_standard_device_get_status
                0x00000000080022fc       0x18 ../libopencm3/lib/libopencm3_stm32l0.a(usb_standard.o)
 .text.usb_standard_endpoint_get_status
                0x0000000008002314       0x26 ../libopencm3/lib/libopencm3_stm32l0.a(usb_standard.o)
 .text.usb_standard_endpoint_stall
                0x000000000800233a        0xe ../libopencm3/lib/libopencm3_stm32l0.a(usb_standard.o)
 .text.usb_standard_endpoint_unstall
                0x0000000008002348        0xe ../libopencm3/lib/libopencm3_stm32l0.a(usb_standard.o)
 .text.usb_standard_set_interface
                0x0000000008002356       0x7c ../libopencm3/lib/libopencm3_stm32l0.a(usb_standard.o)
 *fill*         0x00000000080023d2        0x2 
 .text.usb_standard_get_descriptor
                0x00000000080023d4      0x3a4 ../libopencm3/lib/libopencm3_stm32l0.a(usb_standard.o)
 .text.usb_standard_interface_get_status
                0x0000000008002778       0x18 ../libopencm3/lib/libopencm3_stm32l0.a(usb_standard.o)
 .text.usbd_register_set_config_callback
                0x0000000008002790       0x2e ../libopencm3/lib/libopencm3_stm32l0.a(usb_standard.o)
                0x0000000008002790                usbd_register_set_config_callback
 *fill*         0x00000000080027be        0x2 
 .text._usbd_standard_request_device
                0x00000000080027c0       0x48 ../libopencm3/lib/libopencm3_stm32l0.a(usb_standard.o)
                0x00000000080027c0                _usbd_standard_request_device
 .text._usbd_standard_request_interface
                0x0000000008002808       0x30 ../libopencm3/lib/libopencm3_stm32l0.a(usb_standard.o)
                0x0000000008002808                _usbd_standard_request_interface
 .text._usbd_standard_request_endpoint
                0x0000000008002838       0x4c ../libopencm3/lib/libopencm3_stm32l0.a(usb_standard.o)
                0x0000000008002838                _usbd_standard_request_endpoint
 .text._usbd_standard_request
                0x0000000008002884       0x38 ../libopencm3/lib/libopencm3_stm32l0.a(usb_standard.o)
                0x0000000008002884                _usbd_standard_request
 .text.st_usbfs_v2_disconnect
                0x00000000080028bc       0x20 ../libopencm3/lib/libopencm3_stm32l0.a(st_usbfs_v2.o)
 .text.st_usbfs_v2_usbd_init
                0x00000000080028dc       0x40 ../libopencm3/lib/libopencm3_stm32l0.a(st_usbfs_v2.o)
 .text.st_usbfs_copy_to_pm
                0x000000000800291c       0x1c ../libopencm3/lib/libopencm3_stm32l0.a(st_usbfs_v2.o)
                0x000000000800291c                st_usbfs_copy_to_pm
 .text.st_usbfs_copy_from_pm
                0x0000000008002938       0x54 ../libopencm3/lib/libopencm3_stm32l0.a(st_usbfs_v2.o)
                0x0000000008002938                st_usbfs_copy_from_pm
 .text.blocking_handler
                0x000000000800298c        0x2 ../libopencm3/lib/libopencm3_stm32l0.a(vector.o)
                0x000000000800298c                rtc_isr
                0x000000000800298c                tim7_isr
                0x000000000800298c                blocking_handler
                0x000000000800298c                tsc_isr
                0x000000000800298c                spi1_isr
                0x000000000800298c                i2c1_isr
                0x000000000800298c                i2c2_isr
                0x000000000800298c                tim21_isr
                0x000000000800298c                usart1_isr
                0x000000000800298c                i2c3_isr
                0x000000000800298c                reserved4_isr
                0x000000000800298c                exti2_3_isr
                0x000000000800298c                lptim1_isr
                0x000000000800298c                pvd_isr
                0x000000000800298c                rcc_isr
                0x000000000800298c                flash_isr
                0x000000000800298c                hard_fault_handler
                0x000000000800298c                spi2_isr
                0x000000000800298c                lpuart1_aes_rng_isr
                0x000000000800298c                usb_isr
                0x000000000800298c                tim3_isr
                0x000000000800298c                adc_comp_isr
                0x000000000800298c                dma1_channel1_isr
                0x000000000800298c                tim6_dac_isr
                0x000000000800298c                lcd_isr
                0x000000000800298c                dma1_channel2_3_isr
                0x000000000800298c                tim22_isr
                0x000000000800298c                exti4_15_isr
                0x000000000800298c                usart4_5_isr
                0x000000000800298c                wwdg_isr
                0x000000000800298c                tim2_isr
                0x000000000800298c                dma1_channel4_5_isr
                0x000000000800298c                exti0_1_isr
 .text.null_handler
                0x000000000800298e        0x2 ../libopencm3/lib/libopencm3_stm32l0.a(vector.o)
                0x000000000800298e                null_handler
                0x000000000800298e                sv_call_handler
                0x000000000800298e                pend_sv_handler
                0x000000000800298e                nmi_handler
 .text.reset_handler
                0x0000000008002990       0x88 ../libopencm3/lib/libopencm3_stm32l0.a(vector.o)
                0x0000000008002990                reset_handler
 .text.systick_set_clocksource
                0x0000000008002a18       0x14 ../libopencm3/lib/libopencm3_stm32l0.a(systick.o)
                0x0000000008002a18                systick_set_clocksource
 .text.systick_set_frequency
                0x0000000008002a2c       0x28 ../libopencm3/lib/libopencm3_stm32l0.a(systick.o)
                0x0000000008002a2c                systick_set_frequency
 .text.systick_interrupt_enable
                0x0000000008002a54       0x10 ../libopencm3/lib/libopencm3_stm32l0.a(systick.o)
                0x0000000008002a54                systick_interrupt_enable
 .text.systick_counter_enable
                0x0000000008002a64       0x10 ../libopencm3/lib/libopencm3_stm32l0.a(systick.o)
                0x0000000008002a64                systick_counter_enable
 .text.systick_clear
                0x0000000008002a74        0xc ../libopencm3/lib/libopencm3_stm32l0.a(systick.o)
                0x0000000008002a74                systick_clear
 .text.nvic_enable_irq
                0x0000000008002a80       0x18 ../libopencm3/lib/libopencm3_stm32l0.a(nvic.o)
                0x0000000008002a80                nvic_enable_irq
 .text.nvic_disable_irq
                0x0000000008002a98       0x18 ../libopencm3/lib/libopencm3_stm32l0.a(nvic.o)
                0x0000000008002a98                nvic_disable_irq
 .text.st_usbfs_set_address
                0x0000000008002ab0       0x10 ../libopencm3/lib/libopencm3_stm32l0.a(st_usbfs_core.o)
                0x0000000008002ab0                st_usbfs_set_address
 .text.st_usbfs_set_ep_rx_bufsize
                0x0000000008002ac0       0x38 ../libopencm3/lib/libopencm3_stm32l0.a(st_usbfs_core.o)
                0x0000000008002ac0                st_usbfs_set_ep_rx_bufsize
 .text.st_usbfs_ep_setup
                0x0000000008002af8      0x114 ../libopencm3/lib/libopencm3_stm32l0.a(st_usbfs_core.o)
                0x0000000008002af8                st_usbfs_ep_setup
 .text.st_usbfs_endpoints_reset
                0x0000000008002c0c       0x44 ../libopencm3/lib/libopencm3_stm32l0.a(st_usbfs_core.o)
                0x0000000008002c0c                st_usbfs_endpoints_reset
 .text.st_usbfs_ep_stall_set
                0x0000000008002c50       0xa4 ../libopencm3/lib/libopencm3_stm32l0.a(st_usbfs_core.o)
                0x0000000008002c50                st_usbfs_ep_stall_set
 .text.st_usbfs_ep_stall_get
                0x0000000008002cf4       0x3c ../libopencm3/lib/libopencm3_stm32l0.a(st_usbfs_core.o)
                0x0000000008002cf4                st_usbfs_ep_stall_get
 .text.st_usbfs_ep_nak_set
                0x0000000008002d30       0x4c ../libopencm3/lib/libopencm3_stm32l0.a(st_usbfs_core.o)
                0x0000000008002d30                st_usbfs_ep_nak_set
 .text.st_usbfs_ep_write_packet
                0x0000000008002d7c       0x74 ../libopencm3/lib/libopencm3_stm32l0.a(st_usbfs_core.o)
                0x0000000008002d7c                st_usbfs_ep_write_packet
 .text.st_usbfs_ep_read_packet
                0x0000000008002df0       0xa8 ../libopencm3/lib/libopencm3_stm32l0.a(st_usbfs_core.o)
                0x0000000008002df0                st_usbfs_ep_read_packet
 .text.st_usbfs_poll
                0x0000000008002e98       0xfc ../libopencm3/lib/libopencm3_stm32l0.a(st_usbfs_core.o)
                0x0000000008002e98                st_usbfs_poll
 .text          0x0000000008002f94       0xa8 /usr/lib/gcc/arm-none-eabi/9.2.1/../../../arm-none-eabi/lib/thumb/v6-m/nofp/libc.a(lib_a-memcpy-stub.o)
                0x0000000008002f94                memcpy
 .text          0x000000000800303c       0xa8 /usr/lib/gcc/arm-none-eabi/9.2.1/../../../arm-none-eabi/lib/thumb/v6-m/nofp/libc.a(lib_a-memset.o)
                0x000000000800303c                memset
 .text          0x00000000080030e4       0x68 /usr/lib/gcc/arm-none-eabi/9.2.1/../../../arm-none-eabi/lib/thumb/v6-m/nofp/libc.a(lib_a-strlen-stub.o)
                0x00000000080030e4                strlen
 .text          0x000000000800314c       0x80 /usr/lib/gcc/arm-none-eabi/9.2.1/../../../arm-none-eabi/lib/thumb/v6-m/nofp/libc.a(lib_a-strncpy.o)
                0x000000000800314c                strncpy
 .text          0x00000000080031cc       0x14 /usr/lib/gcc/arm-none-eabi/9.2.1/thumb/v6-m/nofp/libgcc.a(_thumb1_case_uqi.o)
                0x00000000080031cc                __gnu_thumb1_case_uqi
 .text          0x00000000080031e0       0x14 /usr/lib/gcc/arm-none-eabi/9.2.1/thumb/v6-m/nofp/libgcc.a(_thumb1_case_uhi.o)
                0x00000000080031e0                __gnu_thumb1_case_uhi
 .text          0x00000000080031f4      0x114 /usr/lib/gcc/arm-none-eabi/9.2.1/thumb/v6-m/nofp/libgcc.a(_udivsi3.o)
                0x00000000080031f4                __udivsi3
                0x00000000080031f4                __aeabi_uidiv
                0x0000000008003300                __aeabi_uidivmod
 .text          0x0000000008003308      0x1d4 /usr/lib/gcc/arm-none-eabi/9.2.1/thumb/v6-m/nofp/libgcc.a(_divsi3.o)
                0x0000000008003308                __aeabi_idiv
                0x0000000008003308                __divsi3
                0x00000000080034d4                __aeabi_idivmod
 .text          0x00000000080034dc        0x4 /usr/lib/gcc/arm-none-eabi/9.2.1/thumb/v6-m/nofp/libgcc.a(_dvmd_tls.o)
                0x00000000080034dc                __aeabi_ldiv0
                0x00000000080034dc                __aeabi_idiv0
                0x00000000080034e0                . = ALIGN (0x4)
 *(.rodata*)
 .rodata.DAP_ProcessCommand.str1.1
                0x00000000080034e0        0x4 DAP/CMSIS_DAP.o
 .rodata.CSWTCH.41
                0x00000000080034e4        0x6 USB/cdc.o
 .rodata.cdc_acm_functional_descriptors
                0x00000000080034ea       0x13 USB/cdc.o
                0x00000000080034ea                cdc_acm_functional_descriptors
 .rodata.str1.1
                0x00000000080034fd       0x4a USB/composite_usb_conf.o
 .rodata.comm_endpoints
                0x0000000008003547        0xf USB/composite_usb_conf.o
 .rodata.comm_iface
                0x0000000008003556       0x15 USB/composite_usb_conf.o
 .rodata.config
                0x000000000800356b        0xd USB/composite_usb_conf.o
 .rodata.data_endpoints
                0x0000000008003578       0x1e USB/composite_usb_conf.o
 .rodata.data_iface
                0x0000000008003596       0x15 USB/composite_usb_conf.o
 .rodata.dev    0x00000000080035ab       0x12 USB/composite_usb_conf.o
 .rodata.hid_endpoints
                0x00000000080035bd       0x1e USB/composite_usb_conf.o
 .rodata.hid_iface
                0x00000000080035db       0x15 USB/composite_usb_conf.o
 .rodata.iface_assoc
                0x00000000080035f0        0x8 USB/composite_usb_conf.o
 .rodata.interfaces
                0x00000000080035f8       0x30 USB/composite_usb_conf.o
 .rodata.hid_function
                0x0000000008003628        0x9 USB/hid.o
                0x0000000008003628                hid_function
 .rodata.hid_report_descriptor
                0x0000000008003631       0x21 USB/hid.o
                0x0000000008003631                hid_report_descriptor
 .rodata.desig_get_unique_id_as_string.str1.1
                0x0000000008003652       0x11 ../libopencm3/lib/libopencm3_stm32l0.a(desig_common_all.o)
 *fill*         0x0000000008003663        0x1 
 .rodata.st_usbfs_v2_usb_driver
                0x0000000008003664       0x34 ../libopencm3/lib/libopencm3_stm32l0.a(st_usbfs_v2.o)
                0x0000000008003664                st_usbfs_v2_usb_driver
                0x0000000008003698                . = ALIGN (0x4)

.glue_7         0x0000000008003698        0x0
 .glue_7        0x0000000008003698        0x0 linker stubs

.glue_7t        0x0000000008003698        0x0
 .glue_7t       0x0000000008003698        0x0 linker stubs

.vfp11_veneer   0x0000000008003698        0x0
 .vfp11_veneer  0x0000000008003698        0x0 linker stubs

.v4_bx          0x0000000008003698        0x0
 .v4_bx         0x0000000008003698        0x0 linker stubs

.iplt           0x0000000008003698        0x0
 .iplt          0x0000000008003698        0x0 ./stm32l052/USB/usb_setup.o

.rel.dyn        0x0000000008003698        0x0
 .rel.iplt      0x0000000008003698        0x0 ./stm32l052/USB/usb_setup.o

.preinit_array  0x0000000008003698        0x0
                0x0000000008003698                . = ALIGN (0x4)
                0x0000000008003698                __preinit_array_start = .
 *(.preinit_array)
                0x0000000008003698                __preinit_array_end = .

.init_array     0x0000000008003698        0x0
                0x0000000008003698                . = ALIGN (0x4)
                0x0000000008003698                __init_array_start = .
 *(SORT_BY_NAME(.init_array.*))
 *(.init_array)
                0x0000000008003698                __init_array_end = .

.fini_array     0x0000000008003698        0x0
                0x0000000008003698                . = ALIGN (0x4)
                0x0000000008003698                __fini_array_start = .
 *(.fini_array)
 *(SORT_BY_NAME(.fini_array.*))
                0x0000000008003698                __fini_array_end = .

.ARM.extab
 *(.ARM.extab*)

.ARM.exidx      0x0000000008003698        0x0
                0x0000000008003698                __exidx_start = .
 *(.ARM.exidx*)
                0x0000000008003698                __exidx_end = .
                0x0000000008003698                . = ALIGN (0x4)
                0x0000000008003698                _etext = .

.noinit
 *(.noinit*)
                0x0000000008003698                . = ALIGN (0x4)

.data           0x0000000020000000       0x40 load address 0x0000000008003698
                0x0000000020000000                _data = .
 *(.data*)
 .data.current_line_coding
                0x0000000020000000        0x7 USB/cdc.o
 .data.serial_number
                0x0000000020000007       0x19 USB/composite_usb_conf.o
 .data.usb_strings
                0x0000000020000020       0x18 USB/composite_usb_conf.o
 .data.usart_stderr
                0x0000000020000038        0x4 retarget.o
 .data.usart_stdout
                0x000000002000003c        0x4 retarget.o
 *(.ramtext*)
                0x0000000020000040                . = ALIGN (0x4)
                0x0000000020000040                _edata = .
                0x0000000008003698                _data_loadaddr = LOADADDR (.data)

.igot.plt       0x0000000020000040        0x0 load address 0x00000000080036d8
 .igot.plt      0x0000000020000040        0x0 ./stm32l052/USB/usb_setup.o

.bss            0x0000000020000040      0xc94 load address 0x00000000080036d8
 *(.bss*)
 .bss.DAP_Data  0x0000000020000040       0x18 DAP/CMSIS_DAP.o
                0x0000000020000040                DAP_Data
 .bss.DAP_TransferAbort
                0x0000000020000058        0x1 DAP/CMSIS_DAP.o
                0x0000000020000058                DAP_TransferAbort
 *fill*         0x0000000020000059        0x3 
 .bss.dfu_request_callback
                0x000000002000005c        0x4 DAP/app.o
 .bss.inbox_tail
                0x0000000020000060        0x1 DAP/app.o
 .bss.outbox_head
                0x0000000020000061        0x1 DAP/app.o
 .bss.process_head
                0x0000000020000062        0x1 DAP/app.o
 .bss.request_buffers
                0x0000000020000063      0x280 DAP/app.o
 .bss.response_buffers
                0x00000000200002e3      0x280 DAP/app.o
 *fill*         0x0000000020000563        0x1 
 .bss.usb_timer
                0x0000000020000564        0x4 DAP52.o
 .bss.cdc_get_line_coding_callback
                0x0000000020000568        0x4 USB/cdc.o
 .bss.cdc_rx_callback
                0x000000002000056c        0x4 USB/cdc.o
 .bss.cdc_rx_stalled
                0x0000000020000570        0x1 USB/cdc.o
 *fill*         0x0000000020000571        0x3 
 .bss.cdc_set_control_line_state_callback
                0x0000000020000574        0x4 USB/cdc.o
 .bss.cdc_set_line_coding_callback
                0x0000000020000578        0x4 USB/cdc.o
 .bss.cdc_uart_rx_callback
                0x000000002000057c        0x4 USB/cdc.o
 .bss.cdc_uart_tx_callback
                0x0000000020000580        0x4 USB/cdc.o
 .bss.cdc_usbd_dev
                0x0000000020000584        0x4 USB/cdc.o
 .bss.packet_buffer
                0x0000000020000588       0x40 USB/cdc.o
 .bss.packet_len
                0x00000000200005c8        0x2 USB/cdc.o
 .bss.transfer_complete
                0x00000000200005ca        0x1 USB/cdc.o
 .bss.configured
                0x00000000200005cb        0x1 USB/composite_usb_conf.o
 .bss.control_class_callbacks
                0x00000000200005cc       0x40 USB/composite_usb_conf.o
 .bss.num_control_class_callbacks
                0x000000002000060c        0x1 USB/composite_usb_conf.o
 .bss.num_reset_callbacks
                0x000000002000060d        0x1 USB/composite_usb_conf.o
 .bss.num_set_config_callbacks
                0x000000002000060e        0x1 USB/composite_usb_conf.o
 .bss.num_sof_callbacks
                0x000000002000060f        0x1 USB/composite_usb_conf.o
 .bss.reset_callbacks
                0x0000000020000610       0x20 USB/composite_usb_conf.o
 .bss.set_config_callbacks
                0x0000000020000630       0x20 USB/composite_usb_conf.o
 .bss.sof_callbacks
                0x0000000020000650       0x20 USB/composite_usb_conf.o
 .bss.usbd_control_buffer
                0x0000000020000670      0x100 USB/composite_usb_conf.o
 .bss.hid_report_in_callback
                0x0000000020000770        0x4 USB/hid.o
 .bss.hid_report_out_callback
                0x0000000020000774        0x4 USB/hid.o
 .bss.hid_usbd_dev
                0x0000000020000778        0x4 USB/hid.o
 .bss.console_rx_buffer
                0x000000002000077c      0x400 console.o
 .bss.console_rx_head
                0x0000000020000b7c        0x2 console.o
 .bss.console_rx_wp
                0x0000000020000b7e        0x2 console.o
 .bss.console_tx_buffer
                0x0000000020000b80       0x40 console.o
 .bss.console_tx_head
                0x0000000020000bc0        0x2 console.o
 .bss.console_tx_tail
                0x0000000020000bc2        0x2 console.o
 .bss.__ticks   0x0000000020000bc4        0x4 tick.o
                0x0000000020000bc4                __ticks
 .bss.st_usbfs_dev
                0x0000000020000bc8      0x104 ../libopencm3/lib/libopencm3_stm32l0.a(st_usbfs_core.o)
                0x0000000020000bc8                st_usbfs_dev
 .bss.st_usbfs_force_nak
                0x0000000020000ccc        0x8 ../libopencm3/lib/libopencm3_stm32l0.a(st_usbfs_core.o)
                0x0000000020000ccc                st_usbfs_force_nak
 *(COMMON)
                0x0000000020000cd4                . = ALIGN (0x4)
                0x0000000020000cd4                _ebss = .

/DISCARD/
 *(.eh_frame)
                0x0000000020000cd4                . = ALIGN (0x4)
                0x0000000020000cd4                end = .
                0x0000000020002000                PROVIDE (_stack = (ORIGIN (ram) + LENGTH (ram)))
OUTPUT(DAP52.elf elf32-littlearm)
LOAD linker stubs

.debug_info     0x0000000000000000    0x17fca
 .debug_info    0x0000000000000000      0x125 ./stm32l052/USB/usb_setup.o
 .debug_info    0x0000000000000125      0x928 ./stm32l052/dap52/target.o
 .debug_info    0x0000000000000a4d     0x1a9f DAP/CMSIS_DAP.o
 .debug_info    0x00000000000024ec      0x9e9 DAP/SW_DP.o
 .debug_info    0x0000000000002ed5      0xe5c DAP/app.o
 .debug_info    0x0000000000003d31     0x104e DAP52.o
 .debug_info    0x0000000000004d7f     0x181e USB/cdc.o
 .debug_info    0x000000000000659d     0x182f USB/composite_usb_conf.o
 .debug_info    0x0000000000007dcc     0x1166 USB/hid.o
 .debug_info    0x0000000000008f32      0xaea console.o
 .debug_info    0x0000000000009a1c      0xea3 retarget.o
 .debug_info    0x000000000000a8bf      0x1dc tick.o
 .debug_info    0x000000000000aa9b      0x30d ../libopencm3/lib/libopencm3_stm32l0.a(crs_common_all.o)
 .debug_info    0x000000000000ada8      0x27b ../libopencm3/lib/libopencm3_stm32l0.a(desig_common_all.o)
 .debug_info    0x000000000000b023       0xcf ../libopencm3/lib/libopencm3_stm32l0.a(desig_common_v1.o)
 .debug_info    0x000000000000b0f2      0x24e ../libopencm3/lib/libopencm3_stm32l0.a(gpio_common_all.o)
 .debug_info    0x000000000000b340      0x233 ../libopencm3/lib/libopencm3_stm32l0.a(gpio_common_f0234.o)
 .debug_info    0x000000000000b573      0x17b ../libopencm3/lib/libopencm3_stm32l0.a(iwdg_common_all.o)
 .debug_info    0x000000000000b6ee      0x1b6 ../libopencm3/lib/libopencm3_stm32l0.a(pwr_common_v1.o)
 .debug_info    0x000000000000b8a4      0xd37 ../libopencm3/lib/libopencm3_stm32l0.a(rcc.o)
 .debug_info    0x000000000000c5db      0x685 ../libopencm3/lib/libopencm3_stm32l0.a(rcc_common_all.o)
 .debug_info    0x000000000000cc60      0x5a9 ../libopencm3/lib/libopencm3_stm32l0.a(usart_common_all.o)
 .debug_info    0x000000000000d209      0x390 ../libopencm3/lib/libopencm3_stm32l0.a(usart_common_v2.o)
 .debug_info    0x000000000000d599     0x1837 ../libopencm3/lib/libopencm3_stm32l0.a(usb.o)
 .debug_info    0x000000000000edd0     0x1926 ../libopencm3/lib/libopencm3_stm32l0.a(usb_control.o)
 .debug_info    0x00000000000106f6     0x2039 ../libopencm3/lib/libopencm3_stm32l0.a(usb_standard.o)
 .debug_info    0x000000000001272f      0xe8a ../libopencm3/lib/libopencm3_stm32l0.a(st_usbfs_v2.o)
 .debug_info    0x00000000000135b9      0x2d0 ../libopencm3/lib/libopencm3_stm32l0.a(vector.o)
 .debug_info    0x0000000000013889      0x224 ../libopencm3/lib/libopencm3_stm32l0.a(systick.o)
 .debug_info    0x0000000000013aad      0x231 ../libopencm3/lib/libopencm3_stm32l0.a(nvic.o)
 .debug_info    0x0000000000013cde     0x1093 ../libopencm3/lib/libopencm3_stm32l0.a(st_usbfs_core.o)
 .debug_info    0x0000000000014d71      0xf35 /usr/lib/gcc/arm-none-eabi/9.2.1/../../../arm-none-eabi/lib/thumb/v6-m/nofp/libc.a(lib_a-memcpy-stub.o)
 .debug_info    0x0000000000015ca6      0xf21 /usr/lib/gcc/arm-none-eabi/9.2.1/../../../arm-none-eabi/lib/thumb/v6-m/nofp/libc.a(lib_a-memset.o)
 .debug_info    0x0000000000016bc7      0x973 /usr/lib/gcc/arm-none-eabi/9.2.1/../../../arm-none-eabi/lib/thumb/v6-m/nofp/libc.a(lib_a-strlen-stub.o)
 .debug_info    0x000000000001753a      0x9d2 /usr/lib/gcc/arm-none-eabi/9.2.1/../../../arm-none-eabi/lib/thumb/v6-m/nofp/libc.a(lib_a-strncpy.o)
 .debug_info    0x0000000000017f0c       0x26 /usr/lib/gcc/arm-none-eabi/9.2.1/thumb/v6-m/nofp/libgcc.a(_thumb1_case_uqi.o)
 .debug_info    0x0000000000017f32       0x26 /usr/lib/gcc/arm-none-eabi/9.2.1/thumb/v6-m/nofp/libgcc.a(_thumb1_case_uhi.o)
 .debug_info    0x0000000000017f58       0x26 /usr/lib/gcc/arm-none-eabi/9.2.1/thumb/v6-m/nofp/libgcc.a(_udivsi3.o)
 .debug_info    0x0000000000017f7e       0x26 /usr/lib/gcc/arm-none-eabi/9.2.1/thumb/v6-m/nofp/libgcc.a(_divsi3.o)
 .debug_info    0x0000000000017fa4       0x26 /usr/lib/gcc/arm-none-eabi/9.2.1/thumb/v6-m/nofp/libgcc.a(_dvmd_tls.o)

.debug_abbrev   0x0000000000000000     0x4fad
 .debug_abbrev  0x0000000000000000       0x94 ./stm32l052/USB/usb_setup.o
 .debug_abbrev  0x0000000000000094      0x1a7 ./stm32l052/dap52/target.o
 .debug_abbrev  0x000000000000023b      0x4c5 DAP/CMSIS_DAP.o
 .debug_abbrev  0x0000000000000700      0x24d DAP/SW_DP.o
 .debug_abbrev  0x000000000000094d      0x2e6 DAP/app.o
 .debug_abbrev  0x0000000000000c33      0x30b DAP52.o
 .debug_abbrev  0x0000000000000f3e      0x596 USB/cdc.o
 .debug_abbrev  0x00000000000014d4      0x3aa USB/composite_usb_conf.o
 .debug_abbrev  0x000000000000187e      0x3f0 USB/hid.o
 .debug_abbrev  0x0000000000001c6e      0x31e console.o
 .debug_abbrev  0x0000000000001f8c      0x2c0 retarget.o
 .debug_abbrev  0x000000000000224c      0x144 tick.o
 .debug_abbrev  0x0000000000002390       0xb3 ../libopencm3/lib/libopencm3_stm32l0.a(crs_common_all.o)
 .debug_abbrev  0x0000000000002443       0xfb ../libopencm3/lib/libopencm3_stm32l0.a(desig_common_all.o)
 .debug_abbrev  0x000000000000253e       0x91 ../libopencm3/lib/libopencm3_stm32l0.a(desig_common_v1.o)
 .debug_abbrev  0x00000000000025cf      0x116 ../libopencm3/lib/libopencm3_stm32l0.a(gpio_common_all.o)
 .debug_abbrev  0x00000000000026e5       0xbf ../libopencm3/lib/libopencm3_stm32l0.a(gpio_common_f0234.o)
 .debug_abbrev  0x00000000000027a4      0x125 ../libopencm3/lib/libopencm3_stm32l0.a(iwdg_common_all.o)
 .debug_abbrev  0x00000000000028c9       0xa2 ../libopencm3/lib/libopencm3_stm32l0.a(pwr_common_v1.o)
 .debug_abbrev  0x000000000000296b      0x34c ../libopencm3/lib/libopencm3_stm32l0.a(rcc.o)
 .debug_abbrev  0x0000000000002cb7      0x17e ../libopencm3/lib/libopencm3_stm32l0.a(rcc_common_all.o)
 .debug_abbrev  0x0000000000002e35      0x142 ../libopencm3/lib/libopencm3_stm32l0.a(usart_common_all.o)
 .debug_abbrev  0x0000000000002f77      0x128 ../libopencm3/lib/libopencm3_stm32l0.a(usart_common_v2.o)
 .debug_abbrev  0x000000000000309f      0x34a ../libopencm3/lib/libopencm3_stm32l0.a(usb.o)
 .debug_abbrev  0x00000000000033e9      0x44e ../libopencm3/lib/libopencm3_stm32l0.a(usb_control.o)
 .debug_abbrev  0x0000000000003837      0x59f ../libopencm3/lib/libopencm3_stm32l0.a(usb_standard.o)
 .debug_abbrev  0x0000000000003dd6      0x2d0 ../libopencm3/lib/libopencm3_stm32l0.a(st_usbfs_v2.o)
 .debug_abbrev  0x00000000000040a6      0x145 ../libopencm3/lib/libopencm3_stm32l0.a(vector.o)
 .debug_abbrev  0x00000000000041eb      0x15c ../libopencm3/lib/libopencm3_stm32l0.a(systick.o)
 .debug_abbrev  0x0000000000004347       0xde ../libopencm3/lib/libopencm3_stm32l0.a(nvic.o)
 .debug_abbrev  0x0000000000004425      0x2ee ../libopencm3/lib/libopencm3_stm32l0.a(st_usbfs_core.o)
 .debug_abbrev  0x0000000000004713      0x223 /usr/lib/gcc/arm-none-eabi/9.2.1/../../../arm-none-eabi/lib/thumb/v6-m/nofp/libc.a(lib_a-memcpy-stub.o)
 .debug_abbrev  0x0000000000004936      0x217 /usr/lib/gcc/arm-none-eabi/9.2.1/../../../arm-none-eabi/lib/thumb/v6-m/nofp/libc.a(lib_a-memset.o)
 .debug_abbrev  0x0000000000004b4d      0x1e8 /usr/lib/gcc/arm-none-eabi/9.2.1/../../../arm-none-eabi/lib/thumb/v6-m/nofp/libc.a(lib_a-strlen-stub.o)
 .debug_abbrev  0x0000000000004d35      0x214 /usr/lib/gcc/arm-none-eabi/9.2.1/../../../arm-none-eabi/lib/thumb/v6-m/nofp/libc.a(lib_a-strncpy.o)
 .debug_abbrev  0x0000000000004f49       0x14 /usr/lib/gcc/arm-none-eabi/9.2.1/thumb/v6-m/nofp/libgcc.a(_thumb1_case_uqi.o)
 .debug_abbrev  0x0000000000004f5d       0x14 /usr/lib/gcc/arm-none-eabi/9.2.1/thumb/v6-m/nofp/libgcc.a(_thumb1_case_uhi.o)
 .debug_abbrev  0x0000000000004f71       0x14 /usr/lib/gcc/arm-none-eabi/9.2.1/thumb/v6-m/nofp/libgcc.a(_udivsi3.o)
 .debug_abbrev  0x0000000000004f85       0x14 /usr/lib/gcc/arm-none-eabi/9.2.1/thumb/v6-m/nofp/libgcc.a(_divsi3.o)
 .debug_abbrev  0x0000000000004f99       0x14 /usr/lib/gcc/arm-none-eabi/9.2.1/thumb/v6-m/nofp/libgcc.a(_dvmd_tls.o)

.debug_aranges  0x0000000000000000      0xc80
 .debug_aranges
                0x0000000000000000       0x20 ./stm32l052/USB/usb_setup.o
 .debug_aranges
                0x0000000000000020       0x48 ./stm32l052/dap52/target.o
 .debug_aranges
                0x0000000000000068       0x40 DAP/CMSIS_DAP.o
 .debug_aranges
                0x00000000000000a8       0x40 DAP/SW_DP.o
 .debug_aranges
                0x00000000000000e8       0x48 DAP/app.o
 .debug_aranges
                0x0000000000000130       0x30 DAP52.o
 .debug_aranges
                0x0000000000000160       0x90 USB/cdc.o
 .debug_aranges
                0x00000000000001f0       0x70 USB/composite_usb_conf.o
 .debug_aranges
                0x0000000000000260       0x50 USB/hid.o
 .debug_aranges
                0x00000000000002b0       0x68 console.o
 .debug_aranges
                0x0000000000000318       0x50 retarget.o
 .debug_aranges
                0x0000000000000368       0x40 tick.o
 .debug_aranges
                0x00000000000003a8       0x20 ../libopencm3/lib/libopencm3_stm32l0.a(crs_common_all.o)
 .debug_aranges
                0x00000000000003c8       0x28 ../libopencm3/lib/libopencm3_stm32l0.a(desig_common_all.o)
 .debug_aranges
                0x00000000000003f0       0x28 ../libopencm3/lib/libopencm3_stm32l0.a(desig_common_v1.o)
 .debug_aranges
                0x0000000000000418       0x50 ../libopencm3/lib/libopencm3_stm32l0.a(gpio_common_all.o)
 .debug_aranges
                0x0000000000000468       0x30 ../libopencm3/lib/libopencm3_stm32l0.a(gpio_common_f0234.o)
 .debug_aranges
                0x0000000000000498       0x40 ../libopencm3/lib/libopencm3_stm32l0.a(iwdg_common_all.o)
 .debug_aranges
                0x00000000000004d8       0x90 ../libopencm3/lib/libopencm3_stm32l0.a(pwr_common_v1.o)
 .debug_aranges
                0x0000000000000568       0xf8 ../libopencm3/lib/libopencm3_stm32l0.a(rcc.o)
 .debug_aranges
                0x0000000000000660       0x60 ../libopencm3/lib/libopencm3_stm32l0.a(rcc_common_all.o)
 .debug_aranges
                0x00000000000006c0       0xd8 ../libopencm3/lib/libopencm3_stm32l0.a(usart_common_all.o)
 .debug_aranges
                0x0000000000000798       0xa8 ../libopencm3/lib/libopencm3_stm32l0.a(usart_common_v2.o)
 .debug_aranges
                0x0000000000000840       0x90 ../libopencm3/lib/libopencm3_stm32l0.a(usb.o)
 .debug_aranges
                0x00000000000008d0       0x60 ../libopencm3/lib/libopencm3_stm32l0.a(usb_control.o)
 .debug_aranges
                0x0000000000000930       0x98 ../libopencm3/lib/libopencm3_stm32l0.a(usb_standard.o)
 .debug_aranges
                0x00000000000009c8       0x38 ../libopencm3/lib/libopencm3_stm32l0.a(st_usbfs_v2.o)
 .debug_aranges
                0x0000000000000a00       0x30 ../libopencm3/lib/libopencm3_stm32l0.a(vector.o)
 .debug_aranges
                0x0000000000000a30       0x78 ../libopencm3/lib/libopencm3_stm32l0.a(systick.o)
 .debug_aranges
                0x0000000000000aa8       0x50 ../libopencm3/lib/libopencm3_stm32l0.a(nvic.o)
 .debug_aranges
                0x0000000000000af8       0x68 ../libopencm3/lib/libopencm3_stm32l0.a(st_usbfs_core.o)
 .debug_aranges
                0x0000000000000b60       0x20 /usr/lib/gcc/arm-none-eabi/9.2.1/../../../arm-none-eabi/lib/thumb/v6-m/nofp/libc.a(lib_a-memcpy-stub.o)
 .debug_aranges
                0x0000000000000b80       0x20 /usr/lib/gcc/arm-none-eabi/9.2.1/../../../arm-none-eabi/lib/thumb/v6-m/nofp/libc.a(lib_a-memset.o)
 .debug_aranges
                0x0000000000000ba0       0x20 /usr/lib/gcc/arm-none-eabi/9.2.1/../../../arm-none-eabi/lib/thumb/v6-m/nofp/libc.a(lib_a-strlen-stub.o)
 .debug_aranges
                0x0000000000000bc0       0x20 /usr/lib/gcc/arm-none-eabi/9.2.1/../../../arm-none-eabi/lib/thumb/v6-m/nofp/libc.a(lib_a-strncpy.o)
 .debug_aranges
                0x0000000000000be0       0x20 /usr/lib/gcc/arm-none-eabi/9.2.1/thumb/v6-m/nofp/libgcc.a(_thumb1_case_uqi.o)
 .debug_aranges
                0x0000000000000c00       0x20 /usr/lib/gcc/arm-none-eabi/9.2.1/thumb/v6-m/nofp/libgcc.a(_thumb1_case_uhi.o)
 .debug_aranges
                0x0000000000000c20       0x20 /usr/lib/gcc/arm-none-eabi/9.2.1/thumb/v6-m/nofp/libgcc.a(_udivsi3.o)
 .debug_aranges
                0x0000000000000c40       0x20 /usr/lib/gcc/arm-none-eabi/9.2.1/thumb/v6-m/nofp/libgcc.a(_divsi3.o)
 .debug_aranges
                0x0000000000000c60       0x20 /usr/lib/gcc/arm-none-eabi/9.2.1/thumb/v6-m/nofp/libgcc.a(_dvmd_tls.o)

.debug_ranges   0x0000000000000000     0x1440
 .debug_ranges  0x0000000000000000       0x10 ./stm32l052/USB/usb_setup.o
 .debug_ranges  0x0000000000000010       0x50 ./stm32l052/dap52/target.o
 .debug_ranges  0x0000000000000060      0x378 DAP/CMSIS_DAP.o
 .debug_ranges  0x00000000000003d8      0x400 DAP/SW_DP.o
 .debug_ranges  0x00000000000007d8       0x38 DAP/app.o
 .debug_ranges  0x0000000000000810       0x70 DAP52.o
 .debug_ranges  0x0000000000000880       0xf8 USB/cdc.o
 .debug_ranges  0x0000000000000978       0x60 USB/composite_usb_conf.o
 .debug_ranges  0x00000000000009d8       0x60 USB/hid.o
 .debug_ranges  0x0000000000000a38       0xd8 console.o
 .debug_ranges  0x0000000000000b10       0x40 retarget.o
 .debug_ranges  0x0000000000000b50       0x30 tick.o
 .debug_ranges  0x0000000000000b80       0x10 ../libopencm3/lib/libopencm3_stm32l0.a(crs_common_all.o)
 .debug_ranges  0x0000000000000b90       0x18 ../libopencm3/lib/libopencm3_stm32l0.a(desig_common_all.o)
 .debug_ranges  0x0000000000000ba8       0x18 ../libopencm3/lib/libopencm3_stm32l0.a(desig_common_v1.o)
 .debug_ranges  0x0000000000000bc0       0x40 ../libopencm3/lib/libopencm3_stm32l0.a(gpio_common_all.o)
 .debug_ranges  0x0000000000000c00       0x20 ../libopencm3/lib/libopencm3_stm32l0.a(gpio_common_f0234.o)
 .debug_ranges  0x0000000000000c20       0x60 ../libopencm3/lib/libopencm3_stm32l0.a(iwdg_common_all.o)
 .debug_ranges  0x0000000000000c80       0x80 ../libopencm3/lib/libopencm3_stm32l0.a(pwr_common_v1.o)
 .debug_ranges  0x0000000000000d00      0x1a0 ../libopencm3/lib/libopencm3_stm32l0.a(rcc.o)
 .debug_ranges  0x0000000000000ea0       0x50 ../libopencm3/lib/libopencm3_stm32l0.a(rcc_common_all.o)
 .debug_ranges  0x0000000000000ef0       0xc8 ../libopencm3/lib/libopencm3_stm32l0.a(usart_common_all.o)
 .debug_ranges  0x0000000000000fb8       0x98 ../libopencm3/lib/libopencm3_stm32l0.a(usart_common_v2.o)
 .debug_ranges  0x0000000000001050       0x80 ../libopencm3/lib/libopencm3_stm32l0.a(usb.o)
 .debug_ranges  0x00000000000010d0       0x50 ../libopencm3/lib/libopencm3_stm32l0.a(usb_control.o)
 .debug_ranges  0x0000000000001120       0xf0 ../libopencm3/lib/libopencm3_stm32l0.a(usb_standard.o)
 .debug_ranges  0x0000000000001210       0x40 ../libopencm3/lib/libopencm3_stm32l0.a(st_usbfs_v2.o)
 .debug_ranges  0x0000000000001250       0x20 ../libopencm3/lib/libopencm3_stm32l0.a(vector.o)
 .debug_ranges  0x0000000000001270       0x80 ../libopencm3/lib/libopencm3_stm32l0.a(systick.o)
 .debug_ranges  0x00000000000012f0       0x60 ../libopencm3/lib/libopencm3_stm32l0.a(nvic.o)
 .debug_ranges  0x0000000000001350       0xf0 ../libopencm3/lib/libopencm3_stm32l0.a(st_usbfs_core.o)

.debug_line     0x0000000000000000     0xa169
 .debug_line    0x0000000000000000       0xeb ./stm32l052/USB/usb_setup.o
 .debug_line    0x00000000000000eb      0x2da ./stm32l052/dap52/target.o
 .debug_line    0x00000000000003c5      0xf34 DAP/CMSIS_DAP.o
 .debug_line    0x00000000000012f9      0xd1d DAP/SW_DP.o
 .debug_line    0x0000000000002016      0x3c4 DAP/app.o
 .debug_line    0x00000000000023da      0x3b3 DAP52.o
 .debug_line    0x000000000000278d      0x63a USB/cdc.o
 .debug_line    0x0000000000002dc7      0x52d USB/composite_usb_conf.o
 .debug_line    0x00000000000032f4      0x375 USB/hid.o
 .debug_line    0x0000000000003669      0x4a4 console.o
 .debug_line    0x0000000000003b0d      0x369 retarget.o
 .debug_line    0x0000000000003e76      0x177 tick.o
 .debug_line    0x0000000000003fed      0x20c ../libopencm3/lib/libopencm3_stm32l0.a(crs_common_all.o)
 .debug_line    0x00000000000041f9      0x309 ../libopencm3/lib/libopencm3_stm32l0.a(desig_common_all.o)
 .debug_line    0x0000000000004502      0x184 ../libopencm3/lib/libopencm3_stm32l0.a(desig_common_v1.o)
 .debug_line    0x0000000000004686      0x2c5 ../libopencm3/lib/libopencm3_stm32l0.a(gpio_common_all.o)
 .debug_line    0x000000000000494b      0x3a1 ../libopencm3/lib/libopencm3_stm32l0.a(gpio_common_f0234.o)
 .debug_line    0x0000000000004cec      0x31b ../libopencm3/lib/libopencm3_stm32l0.a(iwdg_common_all.o)
 .debug_line    0x0000000000005007      0x38e ../libopencm3/lib/libopencm3_stm32l0.a(pwr_common_v1.o)
 .debug_line    0x0000000000005395      0xa73 ../libopencm3/lib/libopencm3_stm32l0.a(rcc.o)
 .debug_line    0x0000000000005e08      0x34f ../libopencm3/lib/libopencm3_stm32l0.a(rcc_common_all.o)
 .debug_line    0x0000000000006157      0x5f2 ../libopencm3/lib/libopencm3_stm32l0.a(usart_common_all.o)
 .debug_line    0x0000000000006749      0x436 ../libopencm3/lib/libopencm3_stm32l0.a(usart_common_v2.o)
 .debug_line    0x0000000000006b7f      0x508 ../libopencm3/lib/libopencm3_stm32l0.a(usb.o)
 .debug_line    0x0000000000007087      0x634 ../libopencm3/lib/libopencm3_stm32l0.a(usb_control.o)
 .debug_line    0x00000000000076bb      0xc35 ../libopencm3/lib/libopencm3_stm32l0.a(usb_standard.o)
 .debug_line    0x00000000000082f0      0x464 ../libopencm3/lib/libopencm3_stm32l0.a(st_usbfs_v2.o)
 .debug_line    0x0000000000008754      0x2f9 ../libopencm3/lib/libopencm3_stm32l0.a(vector.o)
 .debug_line    0x0000000000008a4d      0x29d ../libopencm3/lib/libopencm3_stm32l0.a(systick.o)
 .debug_line    0x0000000000008cea      0x27a ../libopencm3/lib/libopencm3_stm32l0.a(nvic.o)
 .debug_line    0x0000000000008f64      0x778 ../libopencm3/lib/libopencm3_stm32l0.a(st_usbfs_core.o)
 .debug_line    0x00000000000096dc      0x24d /usr/lib/gcc/arm-none-eabi/9.2.1/../../../arm-none-eabi/lib/thumb/v6-m/nofp/libc.a(lib_a-memcpy-stub.o)
 .debug_line    0x0000000000009929      0x281 /usr/lib/gcc/arm-none-eabi/9.2.1/../../../arm-none-eabi/lib/thumb/v6-m/nofp/libc.a(lib_a-memset.o)
 .debug_line    0x0000000000009baa      0x1c2 /usr/lib/gcc/arm-none-eabi/9.2.1/../../../arm-none-eabi/lib/thumb/v6-m/nofp/libc.a(lib_a-strlen-stub.o)
 .debug_line    0x0000000000009d6c      0x1ed /usr/lib/gcc/arm-none-eabi/9.2.1/../../../arm-none-eabi/lib/thumb/v6-m/nofp/libc.a(lib_a-strncpy.o)
 .debug_line    0x0000000000009f59       0x68 /usr/lib/gcc/arm-none-eabi/9.2.1/thumb/v6-m/nofp/libgcc.a(_thumb1_case_uqi.o)
 .debug_line    0x0000000000009fc1       0x69 /usr/lib/gcc/arm-none-eabi/9.2.1/thumb/v6-m/nofp/libgcc.a(_thumb1_case_uhi.o)
 .debug_line    0x000000000000a02a       0x6c /usr/lib/gcc/arm-none-eabi/9.2.1/thumb/v6-m/nofp/libgcc.a(_udivsi3.o)
 .debug_line    0x000000000000a096       0x73 /usr/lib/gcc/arm-none-eabi/9.2.1/thumb/v6-m/nofp/libgcc.a(_divsi3.o)
 .debug_line    0x000000000000a109       0x60 /usr/lib/gcc/arm-none-eabi/9.2.1/thumb/v6-m/nofp/libgcc.a(_dvmd_tls.o)

.debug_str      0x0000000000000000    0x1528d
 .debug_str     0x0000000000000000      0x1ec ./stm32l052/USB/usb_setup.o
                                        0x2af (size before relaxing)
 .debug_str     0x00000000000001ec      0x611 ./stm32l052/dap52/target.o
                                        0x809 (size before relaxing)
 .debug_str     0x00000000000007fd      0x729 DAP/CMSIS_DAP.o
                                        0xa0b (size before relaxing)
 .debug_str     0x0000000000000f26       0x83 DAP/SW_DP.o
                                        0x37e (size before relaxing)
 .debug_str     0x0000000000000fa9      0x1c5 DAP/app.o
                                        0x961 (size before relaxing)
 .debug_str     0x000000000000116e      0x2e9 DAP52.o
                                        0xa5e (size before relaxing)
 .debug_str     0x0000000000001457      0x696 USB/cdc.o
                                        0xf35 (size before relaxing)
 .debug_str     0x0000000000001aed      0x53d USB/composite_usb_conf.o
                                       0x1112 (size before relaxing)
 .debug_str     0x000000000000202a      0x111 USB/hid.o
                                        0xaa6 (size before relaxing)
 .debug_str     0x000000000000213b      0x2fd console.o
                                        0x8ba (size before relaxing)
 .debug_str     0x0000000000002438       0xb5 retarget.o
                                        0x8df (size before relaxing)
 .debug_str     0x00000000000024ed       0x9c tick.o
                                        0x2af (size before relaxing)
 .debug_str     0x0000000000002589     0x75e4 ../libopencm3/lib/libopencm3_stm32l0.a(crs_common_all.o)
                                       0x7ab7 (size before relaxing)
 .debug_str     0x0000000000009b6d       0x83 ../libopencm3/lib/libopencm3_stm32l0.a(desig_common_all.o)
                                       0x46d6 (size before relaxing)
 .debug_str     0x0000000000009bf0       0x31 ../libopencm3/lib/libopencm3_stm32l0.a(desig_common_v1.o)
                                       0x466b (size before relaxing)
 .debug_str     0x0000000000009c21     0x151f ../libopencm3/lib/libopencm3_stm32l0.a(gpio_common_all.o)
                                       0x5b51 (size before relaxing)
 .debug_str     0x000000000000b140       0x61 ../libopencm3/lib/libopencm3_stm32l0.a(gpio_common_f0234.o)
                                       0x5b69 (size before relaxing)
 .debug_str     0x000000000000b1a1      0x28a ../libopencm3/lib/libopencm3_stm32l0.a(iwdg_common_all.o)
                                       0x48c9 (size before relaxing)
 .debug_str     0x000000000000b42b      0x1a3 ../libopencm3/lib/libopencm3_stm32l0.a(pwr_common_v1.o)
                                       0x4c2d (size before relaxing)
 .debug_str     0x000000000000b5ce      0xcf2 ../libopencm3/lib/libopencm3_stm32l0.a(rcc.o)
                                       0x81de (size before relaxing)
 .debug_str     0x000000000000c2c0      0x170 ../libopencm3/lib/libopencm3_stm32l0.a(rcc_common_all.o)
                                       0x7723 (size before relaxing)
 .debug_str     0x000000000000c430     0x1cfc ../libopencm3/lib/libopencm3_stm32l0.a(usart_common_all.o)
                                       0x8ef8 (size before relaxing)
 .debug_str     0x000000000000e12c      0x181 ../libopencm3/lib/libopencm3_stm32l0.a(usart_common_v2.o)
                                       0x6375 (size before relaxing)
 .debug_str     0x000000000000e2ad     0x3774 ../libopencm3/lib/libopencm3_stm32l0.a(usb.o)
                                       0x7d59 (size before relaxing)
 .debug_str     0x0000000000011a21      0x19b ../libopencm3/lib/libopencm3_stm32l0.a(usb_control.o)
                                       0x7d7e (size before relaxing)
 .debug_str     0x0000000000011bbc      0x2ab ../libopencm3/lib/libopencm3_stm32l0.a(usb_standard.o)
                                       0x7eb1 (size before relaxing)
 .debug_str     0x0000000000011e67     0x17d5 ../libopencm3/lib/libopencm3_stm32l0.a(st_usbfs_v2.o)
                                       0x9ae6 (size before relaxing)
 .debug_str     0x000000000001363c     0x127b ../libopencm3/lib/libopencm3_stm32l0.a(vector.o)
                                       0x4f42 (size before relaxing)
 .debug_str     0x00000000000148b7      0x2d5 ../libopencm3/lib/libopencm3_stm32l0.a(systick.o)
                                       0x401c (size before relaxing)
 .debug_str     0x0000000000014b8c       0x7e ../libopencm3/lib/libopencm3_stm32l0.a(nvic.o)
                                       0x4a11 (size before relaxing)
 .debug_str     0x0000000000014c0a      0x119 ../libopencm3/lib/libopencm3_stm32l0.a(st_usbfs_core.o)
                                       0x9914 (size before relaxing)
 .debug_str     0x0000000000014d23      0x3b7 /usr/lib/gcc/arm-none-eabi/9.2.1/../../../arm-none-eabi/lib/thumb/v6-m/nofp/libc.a(lib_a-memcpy-stub.o)
                                        0x8eb (size before relaxing)
 .debug_str     0x00000000000150da       0x9a /usr/lib/gcc/arm-none-eabi/9.2.1/../../../arm-none-eabi/lib/thumb/v6-m/nofp/libc.a(lib_a-memset.o)
                                        0x8c6 (size before relaxing)
 .debug_str     0x0000000000015174       0x41 /usr/lib/gcc/arm-none-eabi/9.2.1/../../../arm-none-eabi/lib/thumb/v6-m/nofp/libc.a(lib_a-strlen-stub.o)
                                        0x5c2 (size before relaxing)
 .debug_str     0x00000000000151b5       0x35 /usr/lib/gcc/arm-none-eabi/9.2.1/../../../arm-none-eabi/lib/thumb/v6-m/nofp/libc.a(lib_a-strncpy.o)
                                        0x5c7 (size before relaxing)
 .debug_str     0x00000000000151ea       0xa3 /usr/lib/gcc/arm-none-eabi/9.2.1/thumb/v6-m/nofp/libgcc.a(_thumb1_case_uqi.o)
 .debug_str     0x000000000001528d       0xa3 /usr/lib/gcc/arm-none-eabi/9.2.1/thumb/v6-m/nofp/libgcc.a(_thumb1_case_uhi.o)
 .debug_str     0x000000000001528d       0xa3 /usr/lib/gcc/arm-none-eabi/9.2.1/thumb/v6-m/nofp/libgcc.a(_udivsi3.o)
 .debug_str     0x000000000001528d       0xa3 /usr/lib/gcc/arm-none-eabi/9.2.1/thumb/v6-m/nofp/libgcc.a(_divsi3.o)
 .debug_str     0x000000000001528d       0xa3 /usr/lib/gcc/arm-none-eabi/9.2.1/thumb/v6-m/nofp/libgcc.a(_dvmd_tls.o)

.comment        0x0000000000000000       0xa7
 .comment       0x0000000000000000       0x59 ./stm32l052/USB/usb_setup.o
                                         0x5a (size before relaxing)
 .comment       0x0000000000000059       0x5a ./stm32l052/dap52/target.o
 .comment       0x0000000000000059       0x5a DAP/CMSIS_DAP.o
 .comment       0x0000000000000059       0x5a DAP/SW_DP.o
 .comment       0x0000000000000059       0x5a DAP/app.o
 .comment       0x0000000000000059       0x5a DAP52.o
 .comment       0x0000000000000059       0x5a USB/cdc.o
 .comment       0x0000000000000059       0x5a USB/composite_usb_conf.o
 .comment       0x0000000000000059       0x5a USB/hid.o
 .comment       0x0000000000000059       0x5a console.o
 .comment       0x0000000000000059       0x5a retarget.o
 .comment       0x0000000000000059       0x5a tick.o
 .comment       0x0000000000000059       0x5a ../libopencm3/lib/libopencm3_stm32l0.a(crs_common_all.o)
 .comment       0x0000000000000059       0x5a ../libopencm3/lib/libopencm3_stm32l0.a(desig_common_all.o)
 .comment       0x0000000000000059       0x5a ../libopencm3/lib/libopencm3_stm32l0.a(desig_common_v1.o)
 .comment       0x0000000000000059       0x5a ../libopencm3/lib/libopencm3_stm32l0.a(gpio_common_all.o)
 .comment       0x0000000000000059       0x5a ../libopencm3/lib/libopencm3_stm32l0.a(gpio_common_f0234.o)
 .comment       0x0000000000000059       0x5a ../libopencm3/lib/libopencm3_stm32l0.a(iwdg_common_all.o)
 .comment       0x0000000000000059       0x5a ../libopencm3/lib/libopencm3_stm32l0.a(pwr_common_v1.o)
 .comment       0x0000000000000059       0x5a ../libopencm3/lib/libopencm3_stm32l0.a(rcc.o)
 .comment       0x0000000000000059       0x5a ../libopencm3/lib/libopencm3_stm32l0.a(rcc_common_all.o)
 .comment       0x0000000000000059       0x5a ../libopencm3/lib/libopencm3_stm32l0.a(usart_common_all.o)
 .comment       0x0000000000000059       0x5a ../libopencm3/lib/libopencm3_stm32l0.a(usart_common_v2.o)
 .comment       0x0000000000000059       0x5a ../libopencm3/lib/libopencm3_stm32l0.a(usb.o)
 .comment       0x0000000000000059       0x5a ../libopencm3/lib/libopencm3_stm32l0.a(usb_control.o)
 .comment       0x0000000000000059       0x5a ../libopencm3/lib/libopencm3_stm32l0.a(usb_standard.o)
 .comment       0x0000000000000059       0x5a ../libopencm3/lib/libopencm3_stm32l0.a(st_usbfs_v2.o)
 .comment       0x0000000000000059       0x5a ../libopencm3/lib/libopencm3_stm32l0.a(vector.o)
 .comment       0x0000000000000059       0x5a ../libopencm3/lib/libopencm3_stm32l0.a(systick.o)
 .comment       0x0000000000000059       0x5a ../libopencm3/lib/libopencm3_stm32l0.a(nvic.o)
 .comment       0x0000000000000059       0x5a ../libopencm3/lib/libopencm3_stm32l0.a(st_usbfs_core.o)
 .comment       0x0000000000000059       0x4e /usr/lib/gcc/arm-none-eabi/9.2.1/../../../arm-none-eabi/lib/thumb/v6-m/nofp/libc.a(lib_a-memcpy-stub.o)
                                         0x4f (size before relaxing)
 .comment       0x00000000000000a7       0x4f /usr/lib/gcc/arm-none-eabi/9.2.1/../../../arm-none-eabi/lib/thumb/v6-m/nofp/libc.a(lib_a-memset.o)
 .comment       0x00000000000000a7       0x4f /usr/lib/gcc/arm-none-eabi/9.2.1/../../../arm-none-eabi/lib/thumb/v6-m/nofp/libc.a(lib_a-strlen-stub.o)
 .comment       0x00000000000000a7       0x4f /usr/lib/gcc/arm-none-eabi/9.2.1/../../../arm-none-eabi/lib/thumb/v6-m/nofp/libc.a(lib_a-strncpy.o)

.ARM.attributes
                0x0000000000000000       0x2c
 .ARM.attributes
                0x0000000000000000       0x2c ./stm32l052/USB/usb_setup.o
 .ARM.attributes
                0x000000000000002c       0x2c ./stm32l052/dap52/target.o
 .ARM.attributes
                0x0000000000000058       0x2c DAP/CMSIS_DAP.o
 .ARM.attributes
                0x0000000000000084       0x2c DAP/SW_DP.o
 .ARM.attributes
                0x00000000000000b0       0x2c DAP/app.o
 .ARM.attributes
                0x00000000000000dc       0x2c DAP52.o
 .ARM.attributes
                0x0000000000000108       0x2c USB/cdc.o
 .ARM.attributes
                0x0000000000000134       0x2c USB/composite_usb_conf.o
 .ARM.attributes
                0x0000000000000160       0x2c USB/hid.o
 .ARM.attributes
                0x000000000000018c       0x2c console.o
 .ARM.attributes
                0x00000000000001b8       0x2c retarget.o
 .ARM.attributes
                0x00000000000001e4       0x2c tick.o
 .ARM.attributes
                0x0000000000000210       0x2c ../libopencm3/lib/libopencm3_stm32l0.a(crs_common_all.o)
 .ARM.attributes
                0x000000000000023c       0x2c ../libopencm3/lib/libopencm3_stm32l0.a(desig_common_all.o)
 .ARM.attributes
                0x0000000000000268       0x2c ../libopencm3/lib/libopencm3_stm32l0.a(desig_common_v1.o)
 .ARM.attributes
                0x0000000000000294       0x2c ../libopencm3/lib/libopencm3_stm32l0.a(gpio_common_all.o)
 .ARM.attributes
                0x00000000000002c0       0x2c ../libopencm3/lib/libopencm3_stm32l0.a(gpio_common_f0234.o)
 .ARM.attributes
                0x00000000000002ec       0x2c ../libopencm3/lib/libopencm3_stm32l0.a(iwdg_common_all.o)
 .ARM.attributes
                0x0000000000000318       0x2c ../libopencm3/lib/libopencm3_stm32l0.a(pwr_common_v1.o)
 .ARM.attributes
                0x0000000000000344       0x2c ../libopencm3/lib/libopencm3_stm32l0.a(rcc.o)
 .ARM.attributes
                0x0000000000000370       0x2c ../libopencm3/lib/libopencm3_stm32l0.a(rcc_common_all.o)
 .ARM.attributes
                0x000000000000039c       0x2c ../libopencm3/lib/libopencm3_stm32l0.a(usart_common_all.o)
 .ARM.attributes
                0x00000000000003c8       0x2c ../libopencm3/lib/libopencm3_stm32l0.a(usart_common_v2.o)
 .ARM.attributes
                0x00000000000003f4       0x2c ../libopencm3/lib/libopencm3_stm32l0.a(usb.o)
 .ARM.attributes
                0x0000000000000420       0x2c ../libopencm3/lib/libopencm3_stm32l0.a(usb_control.o)
 .ARM.attributes
                0x000000000000044c       0x2c ../libopencm3/lib/libopencm3_stm32l0.a(usb_standard.o)
 .ARM.attributes
                0x0000000000000478       0x2c ../libopencm3/lib/libopencm3_stm32l0.a(st_usbfs_v2.o)
 .ARM.attributes
                0x00000000000004a4       0x2c ../libopencm3/lib/libopencm3_stm32l0.a(vector.o)
 .ARM.attributes
                0x00000000000004d0       0x2c ../libopencm3/lib/libopencm3_stm32l0.a(systick.o)
 .ARM.attributes
                0x00000000000004fc       0x2c ../libopencm3/lib/libopencm3_stm32l0.a(nvic.o)
 .ARM.attributes
                0x0000000000000528       0x2c ../libopencm3/lib/libopencm3_stm32l0.a(st_usbfs_core.o)
 .ARM.attributes
                0x0000000000000554       0x2c /usr/lib/gcc/arm-none-eabi/9.2.1/../../../arm-none-eabi/lib/thumb/v6-m/nofp/libc.a(lib_a-memcpy-stub.o)
 .ARM.attributes
                0x0000000000000580       0x2c /usr/lib/gcc/arm-none-eabi/9.2.1/../../../arm-none-eabi/lib/thumb/v6-m/nofp/libc.a(lib_a-memset.o)
 .ARM.attributes
                0x00000000000005ac       0x2c /usr/lib/gcc/arm-none-eabi/9.2.1/../../../arm-none-eabi/lib/thumb/v6-m/nofp/libc.a(lib_a-strlen-stub.o)
 .ARM.attributes
                0x00000000000005d8       0x2c /usr/lib/gcc/arm-none-eabi/9.2.1/../../../arm-none-eabi/lib/thumb/v6-m/nofp/libc.a(lib_a-strncpy.o)
 .ARM.attributes
                0x0000000000000604       0x1e /usr/lib/gcc/arm-none-eabi/9.2.1/thumb/v6-m/nofp/libgcc.a(_thumb1_case_uqi.o)
 .ARM.attributes
                0x0000000000000622       0x1e /usr/lib/gcc/arm-none-eabi/9.2.1/thumb/v6-m/nofp/libgcc.a(_thumb1_case_uhi.o)
 .ARM.attributes
                0x0000000000000640       0x1e /usr/lib/gcc/arm-none-eabi/9.2.1/thumb/v6-m/nofp/libgcc.a(_udivsi3.o)
 .ARM.attributes
                0x000000000000065e       0x1e /usr/lib/gcc/arm-none-eabi/9.2.1/thumb/v6-m/nofp/libgcc.a(_divsi3.o)
 .ARM.attributes
                0x000000000000067c       0x1e /usr/lib/gcc/arm-none-eabi/9.2.1/thumb/v6-m/nofp/libgcc.a(_dvmd_tls.o)

.debug_frame    0x0000000000000000     0x1a04
 .debug_frame   0x0000000000000000       0x20 ./stm32l052/USB/usb_setup.o
 .debug_frame   0x0000000000000020       0x98 ./stm32l052/dap52/target.o
 .debug_frame   0x00000000000000b8       0x7c DAP/CMSIS_DAP.o
 .debug_frame   0x0000000000000134       0x8c DAP/SW_DP.o
 .debug_frame   0x00000000000001c0       0xc4 DAP/app.o
 .debug_frame   0x0000000000000284       0x4c DAP52.o
 .debug_frame   0x00000000000002d0      0x198 USB/cdc.o
 .debug_frame   0x0000000000000468      0x118 USB/composite_usb_conf.o
 .debug_frame   0x0000000000000580       0xc4 USB/hid.o
 .debug_frame   0x0000000000000644       0xf8 console.o
 .debug_frame   0x000000000000073c       0xb4 retarget.o
 .debug_frame   0x00000000000007f0       0x78 tick.o
 .debug_frame   0x0000000000000868       0x28 ../libopencm3/lib/libopencm3_stm32l0.a(crs_common_all.o)
 .debug_frame   0x0000000000000890       0x50 ../libopencm3/lib/libopencm3_stm32l0.a(desig_common_all.o)
 .debug_frame   0x00000000000008e0       0x30 ../libopencm3/lib/libopencm3_stm32l0.a(desig_common_v1.o)
 .debug_frame   0x0000000000000910       0x80 ../libopencm3/lib/libopencm3_stm32l0.a(gpio_common_all.o)
 .debug_frame   0x0000000000000990       0x78 ../libopencm3/lib/libopencm3_stm32l0.a(gpio_common_f0234.o)
 .debug_frame   0x0000000000000a08       0x6c ../libopencm3/lib/libopencm3_stm32l0.a(iwdg_common_all.o)
 .debug_frame   0x0000000000000a74      0x100 ../libopencm3/lib/libopencm3_stm32l0.a(pwr_common_v1.o)
 .debug_frame   0x0000000000000b74      0x25c ../libopencm3/lib/libopencm3_stm32l0.a(rcc.o)
 .debug_frame   0x0000000000000dd0       0xf0 ../libopencm3/lib/libopencm3_stm32l0.a(rcc_common_all.o)
 .debug_frame   0x0000000000000ec0      0x1b0 ../libopencm3/lib/libopencm3_stm32l0.a(usart_common_all.o)
 .debug_frame   0x0000000000001070      0x130 ../libopencm3/lib/libopencm3_stm32l0.a(usart_common_v2.o)
 .debug_frame   0x00000000000011a0      0x16c ../libopencm3/lib/libopencm3_stm32l0.a(usb.o)
 .debug_frame   0x000000000000130c      0x110 ../libopencm3/lib/libopencm3_stm32l0.a(usb_control.o)
 .debug_frame   0x000000000000141c      0x1b8 ../libopencm3/lib/libopencm3_stm32l0.a(usb_standard.o)
 .debug_frame   0x00000000000015d4       0x78 ../libopencm3/lib/libopencm3_stm32l0.a(st_usbfs_v2.o)
 .debug_frame   0x000000000000164c       0x48 ../libopencm3/lib/libopencm3_stm32l0.a(vector.o)
 .debug_frame   0x0000000000001694       0xd8 ../libopencm3/lib/libopencm3_stm32l0.a(systick.o)
 .debug_frame   0x000000000000176c       0x88 ../libopencm3/lib/libopencm3_stm32l0.a(nvic.o)
 .debug_frame   0x00000000000017f4      0x114 ../libopencm3/lib/libopencm3_stm32l0.a(st_usbfs_core.o)
 .debug_frame   0x0000000000001908       0x34 /usr/lib/gcc/arm-none-eabi/9.2.1/../../../arm-none-eabi/lib/thumb/v6-m/nofp/libc.a(lib_a-memcpy-stub.o)
 .debug_frame   0x000000000000193c       0x30 /usr/lib/gcc/arm-none-eabi/9.2.1/../../../arm-none-eabi/lib/thumb/v6-m/nofp/libc.a(lib_a-memset.o)
 .debug_frame   0x000000000000196c       0x28 /usr/lib/gcc/arm-none-eabi/9.2.1/../../../arm-none-eabi/lib/thumb/v6-m/nofp/libc.a(lib_a-strlen-stub.o)
 .debug_frame   0x0000000000001994       0x30 /usr/lib/gcc/arm-none-eabi/9.2.1/../../../arm-none-eabi/lib/thumb/v6-m/nofp/libc.a(lib_a-strncpy.o)
 .debug_frame   0x00000000000019c4       0x20 /usr/lib/gcc/arm-none-eabi/9.2.1/thumb/v6-m/nofp/libgcc.a(_udivsi3.o)
 .debug_frame   0x00000000000019e4       0x20 /usr/lib/gcc/arm-none-eabi/9.2.1/thumb/v6-m/nofp/libgcc.a(_divsi3.o)

.debug_loc      0x0000000000000000     0x8065
 .debug_loc     0x0000000000000000      0x12d ./stm32l052/dap52/target.o
 .debug_loc     0x000000000000012d     0x13c4 DAP/CMSIS_DAP.o
 .debug_loc     0x00000000000014f1      0x6e2 DAP/SW_DP.o
 .debug_loc     0x0000000000001bd3      0x1ce DAP/app.o
 .debug_loc     0x0000000000001da1       0x70 DAP52.o
 .debug_loc     0x0000000000001e11      0x6d0 USB/cdc.o
 .debug_loc     0x00000000000024e1      0x30d USB/composite_usb_conf.o
 .debug_loc     0x00000000000027ee      0x4b5 USB/hid.o
 .debug_loc     0x0000000000002ca3      0x2c5 console.o
 .debug_loc     0x0000000000002f68      0x308 retarget.o
 .debug_loc     0x0000000000003270       0x48 tick.o
 .debug_loc     0x00000000000032b8      0x1b9 ../libopencm3/lib/libopencm3_stm32l0.a(desig_common_all.o)
 .debug_loc     0x0000000000003471       0x33 ../libopencm3/lib/libopencm3_stm32l0.a(desig_common_v1.o)
 .debug_loc     0x00000000000034a4       0xbe ../libopencm3/lib/libopencm3_stm32l0.a(gpio_common_all.o)
 .debug_loc     0x0000000000003562      0x255 ../libopencm3/lib/libopencm3_stm32l0.a(gpio_common_f0234.o)
 .debug_loc     0x00000000000037b7       0xab ../libopencm3/lib/libopencm3_stm32l0.a(iwdg_common_all.o)
 .debug_loc     0x0000000000003862       0x25 ../libopencm3/lib/libopencm3_stm32l0.a(pwr_common_v1.o)
 .debug_loc     0x0000000000003887      0x8d7 ../libopencm3/lib/libopencm3_stm32l0.a(rcc.o)
 .debug_loc     0x000000000000415e       0xb9 ../libopencm3/lib/libopencm3_stm32l0.a(rcc_common_all.o)
 .debug_loc     0x0000000000004217      0x1f3 ../libopencm3/lib/libopencm3_stm32l0.a(usart_common_all.o)
 .debug_loc     0x000000000000440a       0xdb ../libopencm3/lib/libopencm3_stm32l0.a(usart_common_v2.o)
 .debug_loc     0x00000000000044e5      0x55f ../libopencm3/lib/libopencm3_stm32l0.a(usb.o)
 .debug_loc     0x0000000000004a44      0x79c ../libopencm3/lib/libopencm3_stm32l0.a(usb_control.o)
 .debug_loc     0x00000000000051e0     0x157e ../libopencm3/lib/libopencm3_stm32l0.a(usb_standard.o)
 .debug_loc     0x000000000000675e      0x260 ../libopencm3/lib/libopencm3_stm32l0.a(st_usbfs_v2.o)
 .debug_loc     0x00000000000069be      0x11b ../libopencm3/lib/libopencm3_stm32l0.a(vector.o)
 .debug_loc     0x0000000000006ad9       0xdf ../libopencm3/lib/libopencm3_stm32l0.a(systick.o)
 .debug_loc     0x0000000000006bb8      0x1b7 ../libopencm3/lib/libopencm3_stm32l0.a(nvic.o)
 .debug_loc     0x0000000000006d6f      0x8e5 ../libopencm3/lib/libopencm3_stm32l0.a(st_usbfs_core.o)
 .debug_loc     0x0000000000007654      0x481 /usr/lib/gcc/arm-none-eabi/9.2.1/../../../arm-none-eabi/lib/thumb/v6-m/nofp/libc.a(lib_a-memcpy-stub.o)
 .debug_loc     0x0000000000007ad5      0x2df /usr/lib/gcc/arm-none-eabi/9.2.1/../../../arm-none-eabi/lib/thumb/v6-m/nofp/libc.a(lib_a-memset.o)
 .debug_loc     0x0000000000007db4       0xa3 /usr/lib/gcc/arm-none-eabi/9.2.1/../../../arm-none-eabi/lib/thumb/v6-m/nofp/libc.a(lib_a-strlen-stub.o)
 .debug_loc     0x0000000000007e57      0x20e /usr/lib/gcc/arm-none-eabi/9.2.1/../../../arm-none-eabi/lib/thumb/v6-m/nofp/libc.a(lib_a-strncpy.o)

.debug_macro    0x0000000000000000     0x4caa
 .debug_macro   0x0000000000000000       0xa8 ../libopencm3/lib/libopencm3_stm32l0.a(crs_common_all.o)
 .debug_macro   0x00000000000000a8      0xa72 ../libopencm3/lib/libopencm3_stm32l0.a(crs_common_all.o)
 .debug_macro   0x0000000000000b1a       0x1c ../libopencm3/lib/libopencm3_stm32l0.a(crs_common_all.o)
 .debug_macro   0x0000000000000b36      0x34e ../libopencm3/lib/libopencm3_stm32l0.a(crs_common_all.o)
 .debug_macro   0x0000000000000e84       0x22 ../libopencm3/lib/libopencm3_stm32l0.a(crs_common_all.o)
 .debug_macro   0x0000000000000ea6       0xe8 ../libopencm3/lib/libopencm3_stm32l0.a(crs_common_all.o)
 .debug_macro   0x0000000000000f8e       0x52 ../libopencm3/lib/libopencm3_stm32l0.a(crs_common_all.o)
 .debug_macro   0x0000000000000fe0      0x166 ../libopencm3/lib/libopencm3_stm32l0.a(crs_common_all.o)
 .debug_macro   0x0000000000001146      0x136 ../libopencm3/lib/libopencm3_stm32l0.a(crs_common_all.o)
 .debug_macro   0x000000000000127c       0x8e ../libopencm3/lib/libopencm3_stm32l0.a(crs_common_all.o)
 .debug_macro   0x000000000000130a       0x58 ../libopencm3/lib/libopencm3_stm32l0.a(crs_common_all.o)
 .debug_macro   0x0000000000001362      0x942 ../libopencm3/lib/libopencm3_stm32l0.a(crs_common_all.o)
 .debug_macro   0x0000000000001ca4       0x5d ../libopencm3/lib/libopencm3_stm32l0.a(desig_common_all.o)
 .debug_macro   0x0000000000001d01       0x5d ../libopencm3/lib/libopencm3_stm32l0.a(desig_common_v1.o)
 .debug_macro   0x0000000000001d5e       0x8d ../libopencm3/lib/libopencm3_stm32l0.a(gpio_common_all.o)
 .debug_macro   0x0000000000001deb       0x76 ../libopencm3/lib/libopencm3_stm32l0.a(gpio_common_all.o)
 .debug_macro   0x0000000000001e61      0x37e ../libopencm3/lib/libopencm3_stm32l0.a(gpio_common_all.o)
 .debug_macro   0x00000000000021df       0xca ../libopencm3/lib/libopencm3_stm32l0.a(gpio_common_all.o)
 .debug_macro   0x00000000000022a9       0x46 ../libopencm3/lib/libopencm3_stm32l0.a(gpio_common_all.o)
 .debug_macro   0x00000000000022ef       0x8d ../libopencm3/lib/libopencm3_stm32l0.a(gpio_common_f0234.o)
 .debug_macro   0x000000000000237c       0x85 ../libopencm3/lib/libopencm3_stm32l0.a(iwdg_common_all.o)
 .debug_macro   0x0000000000002401       0x70 ../libopencm3/lib/libopencm3_stm32l0.a(iwdg_common_all.o)
 .debug_macro   0x0000000000002471       0x10 ../libopencm3/lib/libopencm3_stm32l0.a(iwdg_common_all.o)
 .debug_macro   0x0000000000002481       0x79 ../libopencm3/lib/libopencm3_stm32l0.a(pwr_common_v1.o)
 .debug_macro   0x00000000000024fa       0xca ../libopencm3/lib/libopencm3_stm32l0.a(rcc.o)
 .debug_macro   0x00000000000025c4       0x16 ../libopencm3/lib/libopencm3_stm32l0.a(rcc.o)
 .debug_macro   0x00000000000025da      0x166 ../libopencm3/lib/libopencm3_stm32l0.a(rcc.o)
 .debug_macro   0x0000000000002740       0x46 ../libopencm3/lib/libopencm3_stm32l0.a(rcc.o)
 .debug_macro   0x0000000000002786       0xb1 ../libopencm3/lib/libopencm3_stm32l0.a(rcc_common_all.o)
 .debug_macro   0x0000000000002837       0xbc ../libopencm3/lib/libopencm3_stm32l0.a(usart_common_all.o)
 .debug_macro   0x00000000000028f3       0x94 ../libopencm3/lib/libopencm3_stm32l0.a(usart_common_all.o)
 .debug_macro   0x0000000000002987      0x514 ../libopencm3/lib/libopencm3_stm32l0.a(usart_common_all.o)
 .debug_macro   0x0000000000002e9b       0x22 ../libopencm3/lib/libopencm3_stm32l0.a(usart_common_all.o)
 .debug_macro   0x0000000000002ebd       0x78 ../libopencm3/lib/libopencm3_stm32l0.a(usart_common_v2.o)
 .debug_macro   0x0000000000002f35      0x124 ../libopencm3/lib/libopencm3_stm32l0.a(usb.o)
 .debug_macro   0x0000000000003059       0x22 ../libopencm3/lib/libopencm3_stm32l0.a(usb.o)
 .debug_macro   0x000000000000307b       0x52 ../libopencm3/lib/libopencm3_stm32l0.a(usb.o)
 .debug_macro   0x00000000000030cd       0x18 ../libopencm3/lib/libopencm3_stm32l0.a(usb.o)
 .debug_macro   0x00000000000030e5       0x5c ../libopencm3/lib/libopencm3_stm32l0.a(usb.o)
 .debug_macro   0x0000000000003141       0x35 ../libopencm3/lib/libopencm3_stm32l0.a(usb.o)
 .debug_macro   0x0000000000003176       0x34 ../libopencm3/lib/libopencm3_stm32l0.a(usb.o)
 .debug_macro   0x00000000000031aa      0x16d ../libopencm3/lib/libopencm3_stm32l0.a(usb.o)
 .debug_macro   0x0000000000003317       0x16 ../libopencm3/lib/libopencm3_stm32l0.a(usb.o)
 .debug_macro   0x000000000000332d       0x43 ../libopencm3/lib/libopencm3_stm32l0.a(usb.o)
 .debug_macro   0x0000000000003370       0x57 ../libopencm3/lib/libopencm3_stm32l0.a(usb.o)
 .debug_macro   0x00000000000033c7       0x34 ../libopencm3/lib/libopencm3_stm32l0.a(usb.o)
 .debug_macro   0x00000000000033fb       0x10 ../libopencm3/lib/libopencm3_stm32l0.a(usb.o)
 .debug_macro   0x000000000000340b       0x52 ../libopencm3/lib/libopencm3_stm32l0.a(usb.o)
 .debug_macro   0x000000000000345d      0x182 ../libopencm3/lib/libopencm3_stm32l0.a(usb.o)
 .debug_macro   0x00000000000035df      0x35c ../libopencm3/lib/libopencm3_stm32l0.a(usb.o)
 .debug_macro   0x000000000000393b       0x10 ../libopencm3/lib/libopencm3_stm32l0.a(usb.o)
 .debug_macro   0x000000000000394b       0x35 ../libopencm3/lib/libopencm3_stm32l0.a(usb.o)
 .debug_macro   0x0000000000003980      0x19c ../libopencm3/lib/libopencm3_stm32l0.a(usb.o)
 .debug_macro   0x0000000000003b1c       0x10 ../libopencm3/lib/libopencm3_stm32l0.a(usb.o)
 .debug_macro   0x0000000000003b2c       0x1c ../libopencm3/lib/libopencm3_stm32l0.a(usb.o)
 .debug_macro   0x0000000000003b48      0x132 ../libopencm3/lib/libopencm3_stm32l0.a(usb_control.o)
 .debug_macro   0x0000000000003c7a       0x16 ../libopencm3/lib/libopencm3_stm32l0.a(usb_control.o)
 .debug_macro   0x0000000000003c90      0x10e ../libopencm3/lib/libopencm3_stm32l0.a(usb_control.o)
 .debug_macro   0x0000000000003d9e       0x86 ../libopencm3/lib/libopencm3_stm32l0.a(usb_control.o)
 .debug_macro   0x0000000000003e24       0x22 ../libopencm3/lib/libopencm3_stm32l0.a(usb_control.o)
 .debug_macro   0x0000000000003e46      0x124 ../libopencm3/lib/libopencm3_stm32l0.a(usb_standard.o)
 .debug_macro   0x0000000000003f6a       0xf0 ../libopencm3/lib/libopencm3_stm32l0.a(st_usbfs_v2.o)
 .debug_macro   0x000000000000405a       0x3a ../libopencm3/lib/libopencm3_stm32l0.a(st_usbfs_v2.o)
 .debug_macro   0x0000000000004094      0x29e ../libopencm3/lib/libopencm3_stm32l0.a(st_usbfs_v2.o)
 .debug_macro   0x0000000000004332       0x9a ../libopencm3/lib/libopencm3_stm32l0.a(st_usbfs_v2.o)
 .debug_macro   0x00000000000043cc      0x1a2 ../libopencm3/lib/libopencm3_stm32l0.a(st_usbfs_v2.o)
 .debug_macro   0x000000000000456e       0x10 ../libopencm3/lib/libopencm3_stm32l0.a(st_usbfs_v2.o)
 .debug_macro   0x000000000000457e       0x86 ../libopencm3/lib/libopencm3_stm32l0.a(vector.o)
 .debug_macro   0x0000000000004604      0x19f ../libopencm3/lib/libopencm3_stm32l0.a(vector.o)
 .debug_macro   0x00000000000047a3       0x49 ../libopencm3/lib/libopencm3_stm32l0.a(vector.o)
 .debug_macro   0x00000000000047ec       0xca ../libopencm3/lib/libopencm3_stm32l0.a(vector.o)
 .debug_macro   0x00000000000048b6       0x49 ../libopencm3/lib/libopencm3_stm32l0.a(systick.o)
 .debug_macro   0x00000000000048ff       0x69 ../libopencm3/lib/libopencm3_stm32l0.a(systick.o)
 .debug_macro   0x0000000000004968       0x6a ../libopencm3/lib/libopencm3_stm32l0.a(nvic.o)
 .debug_macro   0x00000000000049d2       0x43 ../libopencm3/lib/libopencm3_stm32l0.a(nvic.o)
 .debug_macro   0x0000000000004a15      0x1a5 ../libopencm3/lib/libopencm3_stm32l0.a(nvic.o)
 .debug_macro   0x0000000000004bba       0xf0 ../libopencm3/lib/libopencm3_stm32l0.a(st_usbfs_core.o)

.stabstr        0x0000000000000000      0x117
 .stabstr       0x0000000000000000      0x117 /usr/lib/gcc/arm-none-eabi/9.2.1/../../../arm-none-eabi/lib/thumb/v6-m/nofp/libnosys.a(close.o)
