../Drivers/STM32WLxx_HAL_Driver/Inc/stm32wlxx_ll_rcc.h:1059:26:LL_RCC_HSE_IsReady	0	static
../Drivers/STM32WLxx_HAL_Driver/Inc/stm32wlxx_ll_rcc.h:1447:26:LL_RCC_MSI_IsReady	0	static
../Drivers/STM32WLxx_HAL_Driver/Inc/stm32wlxx_ll_rcc.h:1594:22:LL_RCC_MSI_SetCalibTrimming	0	static
../Drivers/STM32WLxx_HAL_Driver/Inc/stm32wlxx_ll_rcc.h:2411:26:LL_RCC_PLL_IsReady	0	static
../Drivers/STM32WLxx_HAL_Driver/Src/stm32wlxx_hal_rcc.c:1583:26:RCC_SetFlashLatencyFromMSIRange	32	static
../Drivers/STM32WLxx_HAL_Driver/Src/stm32wlxx_hal_rcc.c:228:19:HAL_RCC_DeInit	16	static
../Drivers/STM32WLxx_HAL_Driver/Src/stm32wlxx_hal_rcc.c:1188:6:HAL_RCC_MCOConfig	40	static
../Drivers/STM32WLxx_HAL_Driver/Src/stm32wlxx_hal_rcc.c:1251:10:HAL_RCC_GetSysClockFreq	8	static
../Drivers/STM32WLxx_HAL_Driver/Src/stm32wlxx_hal_rcc.c:1337:10:HAL_RCC_GetHCLKFreq	8	static
../Drivers/STM32WLxx_HAL_Driver/Src/stm32wlxx_hal_rcc.c:335:19:HAL_RCC_OscConfig	24	static
../Drivers/STM32WLxx_HAL_Driver/Src/stm32wlxx_hal_rcc.c:925:19:HAL_RCC_ClockConfig	24	static
../Drivers/STM32WLxx_HAL_Driver/Src/stm32wlxx_hal_rcc.c:1359:10:HAL_RCC_GetHCLK3Freq	8	static
../Drivers/STM32WLxx_HAL_Driver/Src/stm32wlxx_hal_rcc.c:1369:10:HAL_RCC_GetPCLK1Freq	8	static
../Drivers/STM32WLxx_HAL_Driver/Src/stm32wlxx_hal_rcc.c:1379:10:HAL_RCC_GetPCLK2Freq	8	static
../Drivers/STM32WLxx_HAL_Driver/Src/stm32wlxx_hal_rcc.c:1392:6:HAL_RCC_GetOscConfig	12	static
../Drivers/STM32WLxx_HAL_Driver/Src/stm32wlxx_hal_rcc.c:1455:6:HAL_RCC_GetClockConfig	8	static
../Drivers/STM32WLxx_HAL_Driver/Src/stm32wlxx_hal_rcc.c:1510:6:HAL_RCC_EnableCSS	0	static
../Drivers/STM32WLxx_HAL_Driver/Src/stm32wlxx_hal_rcc.c:1537:13:HAL_RCC_CSSCallback	0	static
../Drivers/STM32WLxx_HAL_Driver/Src/stm32wlxx_hal_rcc.c:1520:6:HAL_RCC_NMI_IRQHandler	8	static
../Drivers/STM32WLxx_HAL_Driver/Src/stm32wlxx_hal_rcc.c:1550:10:HAL_RCC_GetResetSource	0	static
