../Drivers/STM32WLxx_HAL_Driver/Src/stm32wlxx_hal_dma.c:1211:13:DMA_SetConfig	16	static
../Drivers/STM32WLxx_HAL_Driver/Src/stm32wlxx_hal_dma.c:1254:13:DMA_CalcDMAMUXChannelBaseAndMask	8	static
../Drivers/STM32WLxx_HAL_Driver/Src/stm32wlxx_hal_dma.c:153:19:HAL_DMA_Init	16	static
../Drivers/STM32WLxx_HAL_Driver/Src/stm32wlxx_hal_dma.c:256:19:HAL_DMA_DeInit	16	static
../Drivers/STM32WLxx_HAL_Driver/Src/stm32wlxx_hal_dma.c:371:19:HAL_DMA_Start	16	static
../Drivers/STM32WLxx_HAL_Driver/Src/stm32wlxx_hal_dma.c:422:19:HAL_DMA_Start_IT	16	static
../Drivers/STM32WLxx_HAL_Driver/Src/stm32wlxx_hal_dma.c:496:19:HAL_DMA_Abort	0	static
../Drivers/STM32WLxx_HAL_Driver/Src/stm32wlxx_hal_dma.c:557:19:HAL_DMA_Abort_IT	8	static
../Drivers/STM32WLxx_HAL_Driver/Src/stm32wlxx_hal_dma.c:618:19:HAL_DMA_PollForTransfer	32	static
../Drivers/STM32WLxx_HAL_Driver/Src/stm32wlxx_hal_dma.c:747:6:HAL_DMA_IRQHandler	12	static
../Drivers/STM32WLxx_HAL_Driver/Src/stm32wlxx_hal_dma.c:841:19:HAL_DMA_RegisterCallback	8	static
../Drivers/STM32WLxx_HAL_Driver/Src/stm32wlxx_hal_dma.c:892:19:HAL_DMA_UnRegisterCallback	8	static
../Drivers/STM32WLxx_HAL_Driver/Src/stm32wlxx_hal_dma.c:969:22:HAL_DMA_GetState	0	static
../Drivers/STM32WLxx_HAL_Driver/Src/stm32wlxx_hal_dma.c:981:10:HAL_DMA_GetError	0	static
