../Drivers/STM32WLxx_HAL_Driver/Src/stm32wlxx_hal_uart.c:3704:13:UART_EndTxTransfer	0	static,ignoring_inline_asm
../Drivers/STM32WLxx_HAL_Driver/Src/stm32wlxx_hal_uart.c:3720:13:UART_EndRxTransfer	8	static,ignoring_inline_asm
../Drivers/STM32WLxx_HAL_Driver/Src/stm32wlxx_hal_uart.c:4139:13:UART_TxISR_8BIT.part.0	0	static,ignoring_inline_asm
../Drivers/STM32WLxx_HAL_Driver/Src/stm32wlxx_hal_uart.c:4139:13:UART_TxISR_8BIT	0	static
../Drivers/STM32WLxx_HAL_Driver/Src/stm32wlxx_hal_uart.c:4168:13:UART_TxISR_16BIT	0	static
../Drivers/STM32WLxx_HAL_Driver/Src/stm32wlxx_hal_uart.c:4200:13:UART_TxISR_8BIT_FIFOEN	8	static,ignoring_inline_asm
../Drivers/STM32WLxx_HAL_Driver/Src/stm32wlxx_hal_uart.c:4240:13:UART_TxISR_16BIT_FIFOEN	8	static,ignoring_inline_asm
../Drivers/STM32WLxx_HAL_Driver/Src/stm32wlxx_hal_uart.c:679:13:HAL_UART_MspInit	0	static
../Drivers/STM32WLxx_HAL_Driver/Src/stm32wlxx_hal_uart.c:694:13:HAL_UART_MspDeInit	0	static
../Drivers/STM32WLxx_HAL_Driver/Src/stm32wlxx_hal_uart.c:632:19:HAL_UART_DeInit	16	static
../Drivers/STM32WLxx_HAL_Driver/Src/stm32wlxx_hal_uart.c:1361:19:HAL_UART_Transmit_IT	8	static,ignoring_inline_asm
../Drivers/STM32WLxx_HAL_Driver/Src/stm32wlxx_hal_uart.c:1512:19:HAL_UART_Transmit_DMA	24	static,ignoring_inline_asm
../Drivers/STM32WLxx_HAL_Driver/Src/stm32wlxx_hal_uart.c:1652:19:HAL_UART_DMAPause	0	static,ignoring_inline_asm
../Drivers/STM32WLxx_HAL_Driver/Src/stm32wlxx_hal_uart.c:1682:19:HAL_UART_DMAResume	0	static,ignoring_inline_asm
../Drivers/STM32WLxx_HAL_Driver/Src/stm32wlxx_hal_uart.c:1713:19:HAL_UART_DMAStop	16	static,ignoring_inline_asm
../Drivers/STM32WLxx_HAL_Driver/Src/stm32wlxx_hal_uart.c:1788:19:HAL_UART_Abort	8	static,ignoring_inline_asm
../Drivers/STM32WLxx_HAL_Driver/Src/stm32wlxx_hal_uart.c:1887:19:HAL_UART_AbortTransmit	8	static,ignoring_inline_asm
../Drivers/STM32WLxx_HAL_Driver/Src/stm32wlxx_hal_uart.c:1943:19:HAL_UART_AbortReceive	8	static,ignoring_inline_asm
../Drivers/STM32WLxx_HAL_Driver/Src/stm32wlxx_hal_uart.c:2682:13:HAL_UART_TxCpltCallback	0	static
../Drivers/STM32WLxx_HAL_Driver/Src/stm32wlxx_hal_uart.c:3746:13:UART_DMATransmitCplt	8	static,ignoring_inline_asm
../Drivers/STM32WLxx_HAL_Driver/Src/stm32wlxx_hal_uart.c:2697:13:HAL_UART_TxHalfCpltCallback	0	static
../Drivers/STM32WLxx_HAL_Driver/Src/stm32wlxx_hal_uart.c:3780:13:UART_DMATxHalfCplt	8	static
../Drivers/STM32WLxx_HAL_Driver/Src/stm32wlxx_hal_uart.c:2712:13:HAL_UART_RxCpltCallback	0	static
../Drivers/STM32WLxx_HAL_Driver/Src/stm32wlxx_hal_uart.c:2727:13:HAL_UART_RxHalfCpltCallback	0	static
../Drivers/STM32WLxx_HAL_Driver/Src/stm32wlxx_hal_uart.c:2742:13:HAL_UART_ErrorCallback	0	static
../Drivers/STM32WLxx_HAL_Driver/Src/stm32wlxx_hal_uart.c:3919:13:UART_DMAError	16	static
../Drivers/STM32WLxx_HAL_Driver/Src/stm32wlxx_hal_uart.c:3957:13:UART_DMAAbortOnError	8	static
../Drivers/STM32WLxx_HAL_Driver/Src/stm32wlxx_hal_uart.c:2757:13:HAL_UART_AbortCpltCallback	0	static
../Drivers/STM32WLxx_HAL_Driver/Src/stm32wlxx_hal_uart.c:2008:19:HAL_UART_Abort_IT	16	static,ignoring_inline_asm
../Drivers/STM32WLxx_HAL_Driver/Src/stm32wlxx_hal_uart.c:4029:13:UART_DMARxAbortCallback	8	static
../Drivers/STM32WLxx_HAL_Driver/Src/stm32wlxx_hal_uart.c:3978:13:UART_DMATxAbortCallback	8	static
../Drivers/STM32WLxx_HAL_Driver/Src/stm32wlxx_hal_uart.c:2772:13:HAL_UART_AbortTransmitCpltCallback	0	static
../Drivers/STM32WLxx_HAL_Driver/Src/stm32wlxx_hal_uart.c:2157:19:HAL_UART_AbortTransmit_IT	8	static,ignoring_inline_asm
../Drivers/STM32WLxx_HAL_Driver/Src/stm32wlxx_hal_uart.c:4077:13:UART_DMATxOnlyAbortCallback	8	static
../Drivers/STM32WLxx_HAL_Driver/Src/stm32wlxx_hal_uart.c:2787:13:HAL_UART_AbortReceiveCpltCallback	0	static
../Drivers/STM32WLxx_HAL_Driver/Src/stm32wlxx_hal_uart.c:2243:19:HAL_UART_AbortReceive_IT	8	static,ignoring_inline_asm
../Drivers/STM32WLxx_HAL_Driver/Src/stm32wlxx_hal_uart.c:4108:13:UART_DMARxOnlyAbortCallback	8	static
../Drivers/STM32WLxx_HAL_Driver/Src/stm32wlxx_hal_uart.c:2804:13:HAL_UARTEx_RxEventCallback	0	static
../Drivers/STM32WLxx_HAL_Driver/Src/stm32wlxx_hal_uart.c:2330:6:HAL_UART_IRQHandler	24	static,ignoring_inline_asm
../Drivers/STM32WLxx_HAL_Driver/Src/stm32wlxx_hal_uart.c:4306:13:UART_RxISR_8BIT	8	static,ignoring_inline_asm
../Drivers/STM32WLxx_HAL_Driver/Src/stm32wlxx_hal_uart.c:4397:13:UART_RxISR_16BIT	8	static,ignoring_inline_asm
../Drivers/STM32WLxx_HAL_Driver/Src/stm32wlxx_hal_uart.c:4490:13:UART_RxISR_8BIT_FIFOEN	32	static,ignoring_inline_asm
../Drivers/STM32WLxx_HAL_Driver/Src/stm32wlxx_hal_uart.c:4653:13:UART_RxISR_16BIT_FIFOEN	32	static,ignoring_inline_asm
../Drivers/STM32WLxx_HAL_Driver/Src/stm32wlxx_hal_uart.c:3871:13:UART_DMARxHalfCplt	8	static
../Drivers/STM32WLxx_HAL_Driver/Src/stm32wlxx_hal_uart.c:3798:13:UART_DMAReceiveCplt	8	static,ignoring_inline_asm
../Drivers/STM32WLxx_HAL_Driver/Src/stm32wlxx_hal_uart.c:2852:6:HAL_UART_ReceiverTimeout_Config	0	static
../Drivers/STM32WLxx_HAL_Driver/Src/stm32wlxx_hal_uart.c:2867:19:HAL_UART_EnableReceiverTimeout	0	static
../Drivers/STM32WLxx_HAL_Driver/Src/stm32wlxx_hal_uart.c:2905:19:HAL_UART_DisableReceiverTimeout	0	static
../Drivers/STM32WLxx_HAL_Driver/Src/stm32wlxx_hal_uart.c:2983:6:HAL_MultiProcessor_EnterMuteMode	0	static
../Drivers/STM32WLxx_HAL_Driver/Src/stm32wlxx_hal_uart.c:2993:19:HAL_HalfDuplex_EnableTransmitter	8	static,ignoring_inline_asm
../Drivers/STM32WLxx_HAL_Driver/Src/stm32wlxx_hal_uart.c:3016:19:HAL_HalfDuplex_EnableReceiver	8	static,ignoring_inline_asm
../Drivers/STM32WLxx_HAL_Driver/Src/stm32wlxx_hal_uart.c:3040:19:HAL_LIN_SendBreak	0	static
../Drivers/STM32WLxx_HAL_Driver/Src/stm32wlxx_hal_uart.c:3085:23:HAL_UART_GetState	0	static
../Drivers/STM32WLxx_HAL_Driver/Src/stm32wlxx_hal_uart.c:3101:10:HAL_UART_GetError	0	static
../Drivers/STM32WLxx_HAL_Driver/Src/stm32wlxx_hal_uart.c:3147:19:UART_SetConfig	24	static
../Drivers/STM32WLxx_HAL_Driver/Src/stm32wlxx_hal_uart.c:3364:6:UART_AdvFeatureConfig	8	static
../Drivers/STM32WLxx_HAL_Driver/Src/stm32wlxx_hal_uart.c:3507:19:UART_WaitOnFlagUntilTimeout	32	static
../Drivers/STM32WLxx_HAL_Driver/Src/stm32wlxx_hal_uart.c:1129:19:HAL_UART_Transmit	40	static
../Drivers/STM32WLxx_HAL_Driver/Src/stm32wlxx_hal_uart.c:1248:19:HAL_UART_Receive	40	static
../Drivers/STM32WLxx_HAL_Driver/Src/stm32wlxx_hal_uart.c:3438:19:UART_CheckIdleState	24	static,ignoring_inline_asm
../Drivers/STM32WLxx_HAL_Driver/Src/stm32wlxx_hal_uart.c:307:19:HAL_UART_Init	8	static
../Drivers/STM32WLxx_HAL_Driver/Src/stm32wlxx_hal_uart.c:382:19:HAL_HalfDuplex_Init	8	static
../Drivers/STM32WLxx_HAL_Driver/Src/stm32wlxx_hal_uart.c:457:19:HAL_LIN_Init	16	static
../Drivers/STM32WLxx_HAL_Driver/Src/stm32wlxx_hal_uart.c:556:19:HAL_MultiProcessor_Init	16	static
../Drivers/STM32WLxx_HAL_Driver/Src/stm32wlxx_hal_uart.c:2943:19:HAL_MultiProcessor_EnableMuteMode	0	static,ignoring_inline_asm
../Drivers/STM32WLxx_HAL_Driver/Src/stm32wlxx_hal_uart.c:2963:19:HAL_MultiProcessor_DisableMuteMode	0	static,ignoring_inline_asm
../Drivers/STM32WLxx_HAL_Driver/Src/stm32wlxx_hal_uart.c:3575:19:UART_Start_Receive_IT	12	static,ignoring_inline_asm
../Drivers/STM32WLxx_HAL_Driver/Src/stm32wlxx_hal_uart.c:1450:19:HAL_UART_Receive_IT	16	static,ignoring_inline_asm
../Drivers/STM32WLxx_HAL_Driver/Src/stm32wlxx_hal_uart.c:3647:19:UART_Start_Receive_DMA	16	static,ignoring_inline_asm
../Drivers/STM32WLxx_HAL_Driver/Src/stm32wlxx_hal_uart.c:1603:19:HAL_UART_Receive_DMA	8	static,ignoring_inline_asm
