../Drivers/STM32WLxx_HAL_Driver/Inc/stm32wlxx_ll_rtc.h:1528:26:LL_RTC_TIME_GetSubSecond	16	static
../Core/Src/timer_if.c:180:21:TIMER_IF_Init	16	static
../Core/Src/timer_if.c:221:21:TIMER_IF_StartTimer	64	static
../Core/Src/timer_if.c:249:21:TIMER_IF_StopTimer	16	static
../Core/Src/timer_if.c:267:10:TIMER_IF_SetTimerContext	8	static
../Core/Src/timer_if.c:281:10:TIMER_IF_GetTimerContext	4	static
../Core/Src/timer_if.c:292:10:TIMER_IF_GetTimerElapsedTime	16	static
../Core/Src/timer_if.c:305:10:TIMER_IF_GetTimerValue	16	static
../Core/Src/timer_if.c:321:10:TIMER_IF_GetMinimumTimeout	16	static
../Core/Src/timer_if.c:334:10:TIMER_IF_Convert_ms2Tick	32	static
../Core/Src/timer_if.c:347:10:TIMER_IF_Convert_Tick2ms	48	static
../Core/Src/timer_if.c:360:6:TIMER_IF_DelayMs	24	static,ignoring_inline_asm
../Core/Src/timer_if.c:378:6:HAL_RTC_AlarmAEventCallback	16	static
../Core/Src/timer_if.c:389:6:HAL_RTCEx_SSRUEventCallback	24	static
../Core/Src/timer_if.c:404:10:TIMER_IF_GetTime	80	static
../Core/Src/timer_if.c:428:6:TIMER_IF_BkUp_Write_Seconds	16	static
../Core/Src/timer_if.c:439:6:TIMER_IF_BkUp_Write_SubSeconds	16	static
../Core/Src/timer_if.c:450:10:TIMER_IF_BkUp_Read_Seconds	16	static
../Core/Src/timer_if.c:463:10:TIMER_IF_BkUp_Read_SubSeconds	16	static
../Core/Src/timer_if.c:481:13:TIMER_IF_BkUp_Write_MSBticks	16	static
../Core/Src/timer_if.c:492:17:TIMER_IF_BkUp_Read_MSBticks	16	static
../Core/Src/timer_if.c:505:24:GetTimerTicks	16	static
