../Drivers/STM32WLxx_HAL_Driver/Inc/stm32wlxx_ll_bus.h:449:22:LL_AHB2_GRP1_EnableClock	8	static
../Core/Src/main.c:77:12:I2C1_WaitFlag.constprop	16	static
../Core/Src/main.c:111:12:I2C1_WriteReg.constprop.isra	24	static
../Core/Src/main.c:158:12:I2C1_WriteBytes.constprop.isra	16	static
../Core/Src/main.c:177:12:I2C1_ReadBytes.constprop.isra	16	static
../Core/Src/main.c:197:6:IIS2MDC_Init	16	static
../Core/Src/main.c:205:6:IIS2MDC_Read	40	static
../Core/Src/main.c:214:6:AHT20_Init	16	static
../Core/Src/main.c:222:9:AHT20_ReadTemp_x10	24	static
../Core/Src/main.c:261:9:Button_IsPressed	8	static
../Core/Src/main.c:627:6:MX_DMA_Init	16	static
../Core/Src/main.c:711:6:Error_Handler	48	static,ignoring_inline_asm
../Core/Src/main.c:327:6:SystemClock_Config	120	static
../Core/Src/main.c:397:6:MX_ADC_Init	8	static
../Core/Src/main.c:241:9:LDR_ReadLevel	24	static
../Core/Src/main.c:473:6:MX_RTC_Init	64	static
../Core/Src/main.c:545:6:MX_SUBGHZ_Init	8	static
../Core/Src/main.c:577:6:MX_USART1_UART_Init	8	static
../Core/Src/main.c:272:5:main	32	static
