../Drivers/STM32WLxx_HAL_Driver/Src/stm32wlxx_hal_pwr_ex.c:86:10:HAL_PWREx_GetVoltageRange	0	static
../Drivers/STM32WLxx_HAL_Driver/Src/stm32wlxx_hal_pwr_ex.c:111:19:HAL_PWREx_ControlVoltageScaling	0	static
../Drivers/STM32WLxx_HAL_Driver/Src/stm32wlxx_hal_pwr_ex.c:161:6:HAL_PWREx_EnableBatteryCharging	0	static
../Drivers/STM32WLxx_HAL_Driver/Src/stm32wlxx_hal_pwr_ex.c:176:6:HAL_PWREx_DisableBatteryCharging	0	static
../Drivers/STM32WLxx_HAL_Driver/Src/stm32wlxx_hal_pwr_ex.c:187:6:HAL_PWREx_EnableInternalWakeUpLine	0	static
../Drivers/STM32WLxx_HAL_Driver/Src/stm32wlxx_hal_pwr_ex.c:200:6:HAL_PWREx_DisableInternalWakeUpLine	0	static
../Drivers/STM32WLxx_HAL_Driver/Src/stm32wlxx_hal_pwr_ex.c:216:6:HAL_PWREx_SetRadioBusyPolarity	0	static
../Drivers/STM32WLxx_HAL_Driver/Src/stm32wlxx_hal_pwr_ex.c:234:6:HAL_PWREx_SetRadioBusyTrigger	0	static
../Drivers/STM32WLxx_HAL_Driver/Src/stm32wlxx_hal_pwr_ex.c:254:6:HAL_PWREx_SetRadioIRQTrigger	0	static
../Drivers/STM32WLxx_HAL_Driver/Src/stm32wlxx_hal_pwr_ex.c:309:19:HAL_PWREx_EnableGPIOPullUp	0	static
../Drivers/STM32WLxx_HAL_Driver/Src/stm32wlxx_hal_pwr_ex.c:357:19:HAL_PWREx_DisableGPIOPullUp	0	static
../Drivers/STM32WLxx_HAL_Driver/Src/stm32wlxx_hal_pwr_ex.c:407:19:HAL_PWREx_EnableGPIOPullDown	0	static
../Drivers/STM32WLxx_HAL_Driver/Src/stm32wlxx_hal_pwr_ex.c:455:19:HAL_PWREx_DisableGPIOPullDown	0	static
../Drivers/STM32WLxx_HAL_Driver/Src/stm32wlxx_hal_pwr_ex.c:494:6:HAL_PWREx_EnablePullUpPullDownConfig	0	static
../Drivers/STM32WLxx_HAL_Driver/Src/stm32wlxx_hal_pwr_ex.c:509:6:HAL_PWREx_DisablePullUpPullDownConfig	0	static
../Drivers/STM32WLxx_HAL_Driver/Src/stm32wlxx_hal_pwr_ex.c:594:6:HAL_PWREx_EnableSRAMRetention	0	static
../Drivers/STM32WLxx_HAL_Driver/Src/stm32wlxx_hal_pwr_ex.c:605:6:HAL_PWREx_DisableSRAMRetention	0	static
../Drivers/STM32WLxx_HAL_Driver/Src/stm32wlxx_hal_pwr_ex.c:621:6:HAL_PWREx_EnableFlashPowerDown	0	static
../Drivers/STM32WLxx_HAL_Driver/Src/stm32wlxx_hal_pwr_ex.c:656:6:HAL_PWREx_DisableFlashPowerDown	0	static
../Drivers/STM32WLxx_HAL_Driver/Src/stm32wlxx_hal_pwr_ex.c:676:6:HAL_PWREx_EnableWPVD	0	static
../Drivers/STM32WLxx_HAL_Driver/Src/stm32wlxx_hal_pwr_ex.c:689:6:HAL_PWREx_DisableWPVD	0	static
../Drivers/STM32WLxx_HAL_Driver/Src/stm32wlxx_hal_pwr_ex.c:706:6:HAL_PWREx_EnableBORPVD_ULP	0	static
../Drivers/STM32WLxx_HAL_Driver/Src/stm32wlxx_hal_pwr_ex.c:718:6:HAL_PWREx_DisableBORPVD_ULP	0	static
../Drivers/STM32WLxx_HAL_Driver/Src/stm32wlxx_hal_pwr_ex.c:729:6:HAL_PWREx_EnablePVM3	0	static
../Drivers/STM32WLxx_HAL_Driver/Src/stm32wlxx_hal_pwr_ex.c:738:6:HAL_PWREx_DisablePVM3	0	static
../Drivers/STM32WLxx_HAL_Driver/Src/stm32wlxx_hal_pwr_ex.c:755:19:HAL_PWREx_ConfigPVM	0	static
../Drivers/STM32WLxx_HAL_Driver/Src/stm32wlxx_hal_pwr_ex.c:811:6:HAL_PWREx_SetRadioEOL	0	static
../Drivers/STM32WLxx_HAL_Driver/Src/stm32wlxx_hal_pwr_ex.c:826:6:HAL_PWREx_SMPS_SetMode	0	static
../Drivers/STM32WLxx_HAL_Driver/Src/stm32wlxx_hal_pwr_ex.c:842:10:HAL_PWREx_SMPS_GetEffectiveMode	0	static
../Drivers/STM32WLxx_HAL_Driver/Src/stm32wlxx_hal_pwr_ex.c:857:6:HAL_PWREx_EnableLowPowerRunMode	0	static
../Drivers/STM32WLxx_HAL_Driver/Src/stm32wlxx_hal_pwr_ex.c:871:19:HAL_PWREx_DisableLowPowerRunMode	0	static
../Drivers/STM32WLxx_HAL_Driver/Src/stm32wlxx_hal_pwr_ex.c:918:6:HAL_PWREx_EnterSTOP0Mode	0	static,ignoring_inline_asm
../Drivers/STM32WLxx_HAL_Driver/Src/stm32wlxx_hal_pwr_ex.c:977:6:HAL_PWREx_EnterSTOP1Mode	0	static,ignoring_inline_asm
../Drivers/STM32WLxx_HAL_Driver/Src/stm32wlxx_hal_pwr_ex.c:1036:6:HAL_PWREx_EnterSTOP2Mode	0	static,ignoring_inline_asm
../Drivers/STM32WLxx_HAL_Driver/Src/stm32wlxx_hal_pwr_ex.c:1081:6:HAL_PWREx_EnterSHUTDOWNMode	0	static,ignoring_inline_asm
../Drivers/STM32WLxx_HAL_Driver/Src/stm32wlxx_hal_pwr_ex.c:1142:13:HAL_PWREx_PVM3Callback	0	static
../Drivers/STM32WLxx_HAL_Driver/Src/stm32wlxx_hal_pwr_ex.c:1116:6:HAL_PWREx_PVD_PVM_IRQHandler	8	static
