../Drivers/STM32WLxx_HAL_Driver/Src/stm32wlxx_hal_rng.c:164:19:HAL_RNG_Init	24	static
../Drivers/STM32WLxx_HAL_Driver/Src/stm32wlxx_hal_rng.c:282:19:HAL_RNG_DeInit	24	static
../Drivers/STM32WLxx_HAL_Driver/Src/stm32wlxx_hal_rng.c:356:13:HAL_RNG_MspInit	16	static
../Drivers/STM32WLxx_HAL_Driver/Src/stm32wlxx_hal_rng.c:371:13:HAL_RNG_MspDeInit	16	static
../Drivers/STM32WLxx_HAL_Driver/Src/stm32wlxx_hal_rng.c:638:19:HAL_RNG_GenerateRandomNumber	24	static
../Drivers/STM32WLxx_HAL_Driver/Src/stm32wlxx_hal_rng.c:720:19:HAL_RNG_GenerateRandomNumber_IT	24	static
../Drivers/STM32WLxx_HAL_Driver/Src/stm32wlxx_hal_rng.c:769:6:HAL_RNG_IRQHandler	24	static
../Drivers/STM32WLxx_HAL_Driver/Src/stm32wlxx_hal_rng.c:856:10:HAL_RNG_ReadLastRandomNumber	16	static
../Drivers/STM32WLxx_HAL_Driver/Src/stm32wlxx_hal_rng.c:873:13:HAL_RNG_ReadyDataCallback	16	static
../Drivers/STM32WLxx_HAL_Driver/Src/stm32wlxx_hal_rng.c:889:13:HAL_RNG_ErrorCallback	16	static
../Drivers/STM32WLxx_HAL_Driver/Src/stm32wlxx_hal_rng.c:923:22:HAL_RNG_GetState	16	static
../Drivers/STM32WLxx_HAL_Driver/Src/stm32wlxx_hal_rng.c:933:10:HAL_RNG_GetError	16	static
../Drivers/STM32WLxx_HAL_Driver/Src/stm32wlxx_hal_rng.c:955:19:RNG_RecoverSeedError	24	static
