../Drivers/STM32WLxx_HAL_Driver/Inc/stm32wlxx_ll_pwr.h:1300:22:LL_PWR_SetRadioBusyTrigger	16	static
../Drivers/STM32WLxx_HAL_Driver/Inc/stm32wlxx_ll_pwr.h:1375:22:LL_PWR_UnselectSUBGHZSPI_NSS	4	static
../Drivers/STM32WLxx_HAL_Driver/Inc/stm32wlxx_ll_pwr.h:1385:22:LL_PWR_SelectSUBGHZSPI_NSS	4	static
../Drivers/STM32WLxx_HAL_Driver/Inc/stm32wlxx_ll_pwr.h:2035:22:LL_PWR_ClearFlag_RFBUSY	4	static
../Drivers/STM32WLxx_HAL_Driver/Inc/stm32wlxx_ll_pwr.h:2048:26:LL_PWR_IsActiveFlag_RFBUSYS	4	static
../Drivers/STM32WLxx_HAL_Driver/Inc/stm32wlxx_ll_pwr.h:2061:26:LL_PWR_IsActiveFlag_RFBUSYMS	4	static
../Drivers/STM32WLxx_HAL_Driver/Inc/stm32wlxx_ll_rcc.h:1675:22:LL_RCC_RF_EnableReset	4	static
../Drivers/STM32WLxx_HAL_Driver/Inc/stm32wlxx_ll_rcc.h:1685:22:LL_RCC_RF_DisableReset	4	static
../Drivers/STM32WLxx_HAL_Driver/Inc/stm32wlxx_ll_rcc.h:1705:26:LL_RCC_IsRFUnderReset	4	static
../Drivers/STM32WLxx_HAL_Driver/Inc/stm32wlxx_ll_exti.h:336:22:LL_EXTI_EnableIT_32_63	16	static
../Drivers/STM32WLxx_HAL_Driver/Inc/stm32wlxx_ll_exti.h:478:22:LL_EXTI_DisableIT_32_63	16	static
../Drivers/STM32WLxx_HAL_Driver/Src/stm32wlxx_hal_subghz.c:220:19:HAL_SUBGHZ_Init	24	static
../Drivers/STM32WLxx_HAL_Driver/Src/stm32wlxx_hal_subghz.c:337:19:HAL_SUBGHZ_DeInit	24	static
../Drivers/STM32WLxx_HAL_Driver/Src/stm32wlxx_hal_subghz.c:420:13:HAL_SUBGHZ_MspInit	16	static
../Drivers/STM32WLxx_HAL_Driver/Src/stm32wlxx_hal_subghz.c:436:13:HAL_SUBGHZ_MspDeInit	16	static
../Drivers/STM32WLxx_HAL_Driver/Src/stm32wlxx_hal_subghz.c:801:19:HAL_SUBGHZ_WriteRegisters	32	static
../Drivers/STM32WLxx_HAL_Driver/Src/stm32wlxx_hal_subghz.c:865:19:HAL_SUBGHZ_ReadRegisters	40	static
../Drivers/STM32WLxx_HAL_Driver/Src/stm32wlxx_hal_subghz.c:929:19:HAL_SUBGHZ_WriteRegister	16	static
../Drivers/STM32WLxx_HAL_Driver/Src/stm32wlxx_hal_subghz.c:944:19:HAL_SUBGHZ_ReadRegister	24	static
../Drivers/STM32WLxx_HAL_Driver/Src/stm32wlxx_hal_subghz.c:960:19:HAL_SUBGHZ_ExecSetCmd	32	static
../Drivers/STM32WLxx_HAL_Driver/Src/stm32wlxx_hal_subghz.c:1036:19:HAL_SUBGHZ_ExecGetCmd	40	static
../Drivers/STM32WLxx_HAL_Driver/Src/stm32wlxx_hal_subghz.c:1101:19:HAL_SUBGHZ_WriteBuffer	32	static
../Drivers/STM32WLxx_HAL_Driver/Src/stm32wlxx_hal_subghz.c:1161:19:HAL_SUBGHZ_ReadBuffer	40	static
../Drivers/STM32WLxx_HAL_Driver/Src/stm32wlxx_hal_subghz.c:1222:6:HAL_SUBGHZ_IRQHandler	24	static
../Drivers/STM32WLxx_HAL_Driver/Src/stm32wlxx_hal_subghz.c:1362:13:HAL_SUBGHZ_TxCpltCallback	16	static
../Drivers/STM32WLxx_HAL_Driver/Src/stm32wlxx_hal_subghz.c:1378:13:HAL_SUBGHZ_RxCpltCallback	16	static
../Drivers/STM32WLxx_HAL_Driver/Src/stm32wlxx_hal_subghz.c:1394:13:HAL_SUBGHZ_PreambleDetectedCallback	16	static
../Drivers/STM32WLxx_HAL_Driver/Src/stm32wlxx_hal_subghz.c:1410:13:HAL_SUBGHZ_SyncWordValidCallback	16	static
../Drivers/STM32WLxx_HAL_Driver/Src/stm32wlxx_hal_subghz.c:1426:13:HAL_SUBGHZ_HeaderValidCallback	16	static
../Drivers/STM32WLxx_HAL_Driver/Src/stm32wlxx_hal_subghz.c:1442:13:HAL_SUBGHZ_HeaderErrorCallback	16	static
../Drivers/STM32WLxx_HAL_Driver/Src/stm32wlxx_hal_subghz.c:1458:13:HAL_SUBGHZ_CRCErrorCallback	16	static
../Drivers/STM32WLxx_HAL_Driver/Src/stm32wlxx_hal_subghz.c:1476:13:HAL_SUBGHZ_CADStatusCallback	16	static
../Drivers/STM32WLxx_HAL_Driver/Src/stm32wlxx_hal_subghz.c:1494:13:HAL_SUBGHZ_RxTxTimeoutCallback	16	static
../Drivers/STM32WLxx_HAL_Driver/Src/stm32wlxx_hal_subghz.c:1510:13:HAL_SUBGHZ_LrFhssHopCallback	16	static
../Drivers/STM32WLxx_HAL_Driver/Src/stm32wlxx_hal_subghz.c:1544:25:HAL_SUBGHZ_GetState	16	static
../Drivers/STM32WLxx_HAL_Driver/Src/stm32wlxx_hal_subghz.c:1556:10:HAL_SUBGHZ_GetError	16	static
../Drivers/STM32WLxx_HAL_Driver/Src/stm32wlxx_hal_subghz.c:1568:19:HAL_SUBGHZ_WaitOnBusy	16	static
../Drivers/STM32WLxx_HAL_Driver/Src/stm32wlxx_hal_subghz.c:1579:19:HAL_SUBGHZ_CheckDeviceReady	16	static
../Drivers/STM32WLxx_HAL_Driver/Src/stm32wlxx_hal_subghz.c:1602:6:SUBGHZSPI_Init	16	static
../Drivers/STM32WLxx_HAL_Driver/Src/stm32wlxx_hal_subghz.c:1638:7:SUBGHZSPI_DeInit	4	static
../Drivers/STM32WLxx_HAL_Driver/Src/stm32wlxx_hal_subghz.c:1654:19:SUBGHZSPI_Transmit	32	static
../Drivers/STM32WLxx_HAL_Driver/Src/stm32wlxx_hal_subghz.c:1713:19:SUBGHZSPI_Receive	32	static
../Drivers/STM32WLxx_HAL_Driver/Src/stm32wlxx_hal_subghz.c:1771:19:SUBGHZ_CheckDeviceReady	24	static
../Drivers/STM32WLxx_HAL_Driver/Src/stm32wlxx_hal_subghz.c:1802:19:SUBGHZ_WaitOnBusy	32	static
