../Drivers/STM32WLxx_HAL_Driver/Src/stm32wlxx_hal_flash_ex.c:180:19:HAL_FLASHEx_Erase	24	static
../Drivers/STM32WLxx_HAL_Driver/Src/stm32wlxx_hal_flash_ex.c:252:19:HAL_FLASHEx_Erase_IT	24	static
../Drivers/STM32WLxx_HAL_Driver/Src/stm32wlxx_hal_flash_ex.c:316:19:HAL_FLASHEx_OBProgram	24	static
../Drivers/STM32WLxx_HAL_Driver/Src/stm32wlxx_hal_flash_ex.c:420:6:HAL_FLASHEx_OBGetConfig	32	static
../Drivers/STM32WLxx_HAL_Driver/Src/stm32wlxx_hal_flash_ex.c:469:10:HAL_FLASHEx_FlashEmptyCheck	4	static
../Drivers/STM32WLxx_HAL_Driver/Src/stm32wlxx_hal_flash_ex.c:486:6:HAL_FLASHEx_ForceFlashEmpty	16	static
../Drivers/STM32WLxx_HAL_Driver/Src/stm32wlxx_hal_flash_ex.c:502:6:HAL_FLASHEx_SuspendOperation	4	static
../Drivers/STM32WLxx_HAL_Driver/Src/stm32wlxx_hal_flash_ex.c:520:6:HAL_FLASHEx_AllowOperation	4	static
../Drivers/STM32WLxx_HAL_Driver/Src/stm32wlxx_hal_flash_ex.c:540:10:HAL_FLASHEx_IsOperationSuspended	16	static
../Drivers/STM32WLxx_HAL_Driver/Src/stm32wlxx_hal_flash_ex.c:640:13:FLASH_MassErase	4	static
../Drivers/STM32WLxx_HAL_Driver/Src/stm32wlxx_hal_flash_ex.c:656:6:FLASH_PageErase	16	static
../Drivers/STM32WLxx_HAL_Driver/Src/stm32wlxx_hal_flash_ex.c:673:6:FLASH_FlushCaches	4	static
../Drivers/STM32WLxx_HAL_Driver/Src/stm32wlxx_hal_flash_ex.c:705:13:FLASH_AcknowledgePageErase	4	static
../Drivers/STM32WLxx_HAL_Driver/Src/stm32wlxx_hal_flash_ex.c:737:13:FLASH_OB_WRPConfig	24	static
../Drivers/STM32WLxx_HAL_Driver/Src/stm32wlxx_hal_flash_ex.c:829:13:FLASH_OB_OptrConfig	32	static
../Drivers/STM32WLxx_HAL_Driver/Src/stm32wlxx_hal_flash_ex.c:859:13:FLASH_OB_PCROP1AConfig	40	static
../Drivers/STM32WLxx_HAL_Driver/Src/stm32wlxx_hal_flash_ex.c:910:13:FLASH_OB_PCROP1BConfig	24	static
../Drivers/STM32WLxx_HAL_Driver/Src/stm32wlxx_hal_flash_ex.c:1067:13:FLASH_OB_GetWRP	24	static
../Drivers/STM32WLxx_HAL_Driver/Src/stm32wlxx_hal_flash_ex.c:1093:17:FLASH_OB_GetRDP	16	static
../Drivers/STM32WLxx_HAL_Driver/Src/stm32wlxx_hal_flash_ex.c:1147:17:FLASH_OB_GetUser	16	static
../Drivers/STM32WLxx_HAL_Driver/Src/stm32wlxx_hal_flash_ex.c:1168:13:FLASH_OB_GetPCROP	32	static
../Drivers/STM32WLxx_HAL_Driver/Src/stm32wlxx_hal_flash_ex.c:1304:26:FLASH_OB_ProceedWriteOperation	16	static
